# CVS $Revision: 1.1 $ $Author: chrisc $ -- Fri May  8 08:59:10 2009 -- reformated by prettylst.pl v1.39 (build 8180)
#CREATED BY S.R.Stephen, October 2005

#Wondrous Items				Type								Cost		Weight	Slot Needed	Modifier					MODS		Spell Res.	Damage Reduction	Spells							Damage	Save checks bonus		Combat bonus	Add to base move		Multiply base more		Bonus to nb of slots	Bonus to skill		Stat bonus		Unarmed Damage Level bonus	Modify VAR		Weapon prof. bonus	Prerace		Special Property																							SOURCELONG
# Equipment Name				Type								Cost		Weight	Required Race	Damage	Modifier					Requires Modification?	Source, Long Desc.		Source, Short Desc.	Source Page		Innate Spells						Special Property
Armor of Transport			TYPE:Magic.Wondrous.Armor.Medium.Suit		COST:17300	WT:15					DAMAGE:5d6	EQMOD:ARMR_MTHRAL_MED.ARMR_PLUS_2	MODS:NO			SOURCELONG:Heroes of Battle	SOURCESHORT:hrsbat	SOURCEPAGE:p.129	SPELLS:Dimension Door|CASTERLEVEL=7|TIMES=1	SPROP:+2 mithral breastplate is prized by quick-strike forces in battle. 1/day, wearer can use Dimension Door.
Blast Disk					TYPE:Magic.Wondrous.Weapon.Ranged.Explosive	COST:900	WT:0.5												MODS:NO			SOURCELONG:Heroes of Battle	SOURCESHORT:hrsbat	SOURCEPAGE:p.131									SPROP:Jet-black plate, 8 inch diameter, set to explode via proximity or timer. When activated it explodes, dealing 5d6 pts of fire dmg
Blessed Bandage				TYPE:Magic.Wondrous.Goods				COST:10	WT:0													MODS:NO			SOURCELONG:Heroes of Battle	SOURCESHORT:hrsbat	SOURCEPAGE:p.131									SPROP:Can be applied to dying creature as std action that immediately stabilizes target (but heals no damage).
Camouflage Paint				TYPE:Magic.Wondrous.Goods				COST:1500	WT:0.5												MODS:NO			SOURCELONG:Heroes of Battle	SOURCESHORT:hrsbat	SOURCEPAGE:p.131									SPROP:Changes color of user’s skin, clothing, and gear to that of surroundings. Effects last for 2 hrs.
Daern's Instant Tent			TYPE:Magic.Wondrous.Goods				COST:9000	WT:0													MODS:NO			SOURCELONG:Heroes of Battle	SOURCESHORT:hrsbat	SOURCEPAGE:p.131									SPROP:Strip of canvas. When activated, becomes 20-ft-sq tent. The inside is as spell Leomund’s tiny hut.
Drums of Marching				TYPE:Magic.Wondrous.Goods				COST:1000	WT:0																	SOURCELONG:Heroes of Battle	SOURCESHORT:hrsbat	SOURCEPAGE:p.131									SPROP:When played during overland movement, grants those within 120 ft a +4 bonus on Con check to avoid nonlethal damage from forced march.
Everlasting Rations			TYPE:Magic.Wondrous.Food				COST:350	WT:1													MODS:NO			SOURCELONG:Heroes of Battle	SOURCESHORT:hrsbat	SOURCEPAGE:p.131									SPROP:Contains trail rations to feed 1 Medium creature for 1 day. Every sunrise magically creates another day's worth of rations
Healing Salve				TYPE:Magic.Wondrous.Goods				COST:2250	WT:1																	SOURCELONG:Heroes of Battle	SOURCESHORT:hrsbat	SOURCEPAGE:p.132									SPROP:1 application cures 1d8+1 pts of dmg. Twice cures 2d8+3 pts of dmg. 3 cures 3d8+5 pts of dmg. Works like cure spells.
Horn of Plenty				TYPE:Magic.Wondrous.Goods				COST:12960	WT:0																	SOURCELONG:Heroes of Battle	SOURCESHORT:hrsbat	SOURCEPAGE:p.132									SPROP:Can be blown 1/wk to create a heroes’ feast, as the spell, for 12 participants.
Horn of Rallying				TYPE:Magic.Wondrous.Goods				COST:3600	WT:0																	SOURCELONG:Heroes of Battle	SOURCESHORT:hrsbat	SOURCEPAGE:p.132									SPROP:2/day, can be sounded in an attempt to rally troops (see p.73). Wielder gets a +10 bonus on any rally check.
Horn of the Rider (Lesser)		TYPE:Magic.Wondrous.Goods				COST:18000	WT:0																	SOURCELONG:Heroes of Battle	SOURCESHORT:hrsbat	SOURCEPAGE:p.132									SPROP:3/day, can attempt DC 15 Perform (wind instruments) check to create 1 rider made of force energy. (i.e. spiritual charger spell)
Horn of the Rider (Greater)		TYPE:Magic.Wondrous.Goods				COST:60000	WT:0																	SOURCELONG:Heroes of Battle	SOURCESHORT:hrsbat	SOURCEPAGE:p.132									SPROP:3/day, can attempt DC 15 Perform (wind instruments) check to create 3 riders made of force energy. (i.e. spiritual cavalry spell)
Orb of Showers				TYPE:Magic.Wondrous.Goods				COST:15000	WT:0																	SOURCELONG:Heroes of Battle	SOURCESHORT:hrsbat	SOURCEPAGE:p.132									SPROP:1/wk, can call upon orb to create rain shower/sleet in 2-mile-radius for 24 hrs. No effect indoors or underground.
Overhead Shield				TYPE:Magic.Wondrous.Shield.Heavy			COST:20170	WT:15							EQMOD:STEEL.SHLD_PLUS_2			MODS:NO			SOURCELONG:Heroes of Battle	SOURCESHORT:hrsbat	SOURCEPAGE:p.129	SPELLS:Wall of Force|CASTERLEVEL=10|TIMES=1	SPROP:Can provide nearly complete protection against attacks from above. 1/day command horizontal Wall of Force, 20-ft radius, hovers 5 ft above.
Philosopher's Wool			TYPE:Magic.Wondrous.Goods				COST:3000	WT:0.5																SOURCELONG:Heroes of Battle	SOURCESHORT:hrsbat	SOURCEPAGE:p.132									SPROP:Protects from effects of very hot weather & gives. Protects from up to 60 pts of fire-based dmg.
Portable Foxhole				TYPE:Magic.Wondrous.Goods				COST:5000	WT:0																	SOURCELONG:Heroes of Battle	SOURCESHORT:hrsbat	SOURCEPAGE:p.132									SPROP:Creates a shallow pit 5 ft sq & 3 ft deep. Provides cover against ranged attacks.
Scrying Beacon				TYPE:Magic.Wondrous.Goods				COST:750	WT:0																	SOURCELONG:Heroes of Battle	SOURCESHORT:hrsbat	SOURCEPAGE:p.132									SPROP:If caster spends 1 min attuning to beacon, next clairaudience/clairvoyance spell can be centered on beacon if within 1 mile of caster.

#Banners					Type								Cost		Weight	Slot Needed	Modifier					MODS		Spell Res.	Damage Reduction	Spells							Damage	Save checks bonus		Combat bonus	Add to base move		Multiply base more		Bonus to nb of slots	Bonus to skill		Stat bonus		Unarmed Damage Level bonus	Modify VAR		Weapon prof. bonus				Special Property																							SOURCELONG
Banner of Chaos				TYPE:Magic.Wondrous.Goods				COST:8000	WT:0																	SOURCELONG:Heroes of Battle	SOURCESHORT:hrsbat	SOURCEPAGE:p.133									SPROP:All nonchaotic allies within 30 ft are protected as if by a protection from chaos spell.
Banner of Evil				TYPE:Magic.Wondrous.Goods				COST:8000	WT:0																	SOURCELONG:Heroes of Battle	SOURCESHORT:hrsbat	SOURCEPAGE:p.133									SPROP:All nonchaotic allies within 30 ft are protected as if by a protection from evil spell.
Banner of Good				TYPE:Magic.Wondrous.Goods				COST:8000	WT:0																	SOURCELONG:Heroes of Battle	SOURCESHORT:hrsbat	SOURCEPAGE:p.133									SPROP:All nonchaotic allies within 30 ft are protected as if by a protection from good spell.
Banner of Law				TYPE:Magic.Wondrous.Goods				COST:8000	WT:0																	SOURCELONG:Heroes of Battle	SOURCESHORT:hrsbat	SOURCEPAGE:p.133									SPROP:All nonchaotic allies within 30 ft are protected as if by a protection from law spell.
Banner of the Giant's Bane		TYPE:Magic.Wondrous.Goods				COST:8000	WT:0																	SOURCELONG:Heroes of Battle	SOURCESHORT:hrsbat	SOURCEPAGE:p.133									SPROP:Allies within 30 ft gain +2 bonus on dmg rolls against giants.
Banner of the Goblin’s Bane		TYPE:Magic.Wondrous.Goods				COST:8000	WT:0																	SOURCELONG:Heroes of Battle	SOURCESHORT:hrsbat	SOURCEPAGE:p.133									SPROP:Allies within 30 ft gain +2 bonus on dmg rolls against goblinoids.
Banner of the Orc's Bane		TYPE:Magic.Wondrous.Goods				COST:8000	WT:0																	SOURCELONG:Heroes of Battle	SOURCESHORT:hrsbat	SOURCEPAGE:p.133									SPROP:Allies within 30 ft gain +2 bonus on dmg rolls against orcs.
Banner of the Undead’s Bane		TYPE:Magic.Wondrous.Goods				COST:8000	WT:0																	SOURCELONG:Heroes of Battle	SOURCESHORT:hrsbat	SOURCEPAGE:p.133									SPROP:Allies within 30 ft gain +2 bonus on dmg rolls against undead.
Banner of the Unliving			TYPE:Magic.Wondrous.Goods				COST:12000	WT:0																	SOURCELONG:Heroes of Battle	SOURCESHORT:hrsbat	SOURCEPAGE:p.133									SPROP:Provides +2 turn resistance to any undead allies within 30 ft. Stacks with any turn resistance the undead might already have.
Forgehome Standard			TYPE:Magic.Wondrous.Goods				COST:4000	WT:0		PRERACE:1,Dwarf													SOURCELONG:Heroes of Battle	SOURCESHORT:hrsbat	SOURCEPAGE:p.133									SPROP:Benefits to allies within 30 ft. Grants +2 dodge bonus to AC against attacks by giants.
Healer's Standard				TYPE:Magic.Wondrous.Goods				COST:14000	WT:0																	SOURCELONG:Heroes of Battle	SOURCESHORT:hrsbat	SOURCEPAGE:p.133									SPROP:Bearer & unarmed allies within 30 ft get effects of sanctuary spell.
Sign of the Favored			TYPE:Magic.Wondrous.Goods				COST:16200	WT:0																	SOURCELONG:Heroes of Battle	SOURCESHORT:hrsbat	SOURCEPAGE:p.133									SPROP:3/day bearer prays to depicted gods. Grants allies within 30 ft +1 luck bonus on attack & weapon dmg rolls, saves & skill chks for 5 rnds.
Standard of the Galloping Steed	TYPE:Magic.Wondrous.Goods				COST:8000	WT:0																	SOURCELONG:Heroes of Battle	SOURCESHORT:hrsbat	SOURCEPAGE:p.133									SPROP:When charging, bearer & any charging allies within 30 ft receive +2 bonus on their attack rolls.
