# CVS $Revision: 1.1 $ $Author: chrisc $ -- Fri May  8 08:59:10 2009 -- reformated by prettylst.pl v1.39 (build 8180)
#CREATED BY S.R.Stephen,October 2005

# Spell Name			Output Name				Classes of caster						School			Sub-School			Spell Descriptors			Type				Components		Casting Time			Range			Target Area or Effect										Duration							Save Info						Spell Resistance		Cost		Description																																						Source, Long Desc.		Source, Short Desc.	Source Page
Acid Rain									CLASSES:Sorcerer,Wizard=5				SCHOOL:Conjuration	SUBSCHOOL:Creation	DESCRIPTOR:Acid			TYPE:Arcane			COMPS:V, S, M	CASTTIME:1 standard action	RANGE:Long		TARGETAREA:20 ft radius cylinder, 40 ft high						DURATION:1 full round + (CASTERLEVEL) rounds	SAVEINFO:None					SPELLRES:NO			COST:10	DESC:7d6 points of acid damage to every creature in the area. Half movement in the area. DC 10 Balance Check to move at normal speed. Failure means it cannot move in that round, and failure by 5 or more creature falls prone.	SOURCELONG:Heroes of Battle	SOURCESHORT:hrsbat	SOURCEPAGE:p.124
Aerial Alarm								CLASSES:Ranger,Sorcerer,Wizard=2			SCHOOL:Abjuration											TYPE:Arcane			COMPS:V, S, F/DF	CASTTIME:1 standard action	RANGE:Medium	TARGETAREA:100 ft radius cylinder, 500 ft high						DURATION:(CASTERLEVEL*2) hours			SAVEINFO:None					SPELLRES:NO					DESC:As alarm (PHB p.197), except the area is a cylinder that extends 500 feet into the air and the alarm only sounds when a flying creature of Medium or larger size enters or touches the warded area.					SOURCELONG:Heroes of Battle	SOURCESHORT:hrsbat	SOURCEPAGE:p.124
Animate Legion								CLASSES:Cleric=4|Sorcerer,Wizard=5			SCHOOL:Necromancy						DESCRIPTOR:Evil			TYPE:Arcane.Divine	COMPS:V, S, M	CASTTIME:1 standard action	RANGE:Close		TARGETAREA:1 or more corpses no more than 30 ft apart				DURATION:(CASTERLEVEL) rounds				SAVEINFO:None					SPELLRES:NO			COST:100	DESC:You use negative energy to temporarily animate one or more corpses. Can create undead zombies or skeletons, but you can't create more Hit Dice of undead than (CASTERLEVEL*2).									SOURCELONG:Heroes of Battle	SOURCESHORT:hrsbat	SOURCEPAGE:p.124
Animate Siege Weapon							CLASSES:Cleric=7						SCHOOL:Transmutation										TYPE:Divine			COMPS:V, S		CASTTIME:1 round			RANGE:Close		TARGETAREA:One siege weapon of up to Gargantuan size					DURATION:(CASTERLEVEL) rounds				SAVEINFO:None					SPELLRES:NO					DESC:You imbue a siege weapon with mobility and the semblance of life. (See Size column on Table 4-1, p.67, to determine which siege weapons can be affected. Attack bonus is (CASTERLEVEL) when acting as a siege weapon.		SOURCELONG:Heroes of Battle	SOURCESHORT:hrsbat	SOURCEPAGE:p.125
Battlefield Fortification						CLASSES:Sorcerer,Wizard=4				SCHOOL:Transmutation					DESCRIPTOR:Earth			TYPE:Arcane			COMPS:V, S		CASTTIME:1 round			RANGE:Close		TARGETAREA:One trench/berm up to ((CASTERLEVEL/2)*5) ft and 10 ft wide	DURATION:Instantaneous					SAVEINFO:None					SPELLRES:NO					DESC:You shift earth to create a shallow trench or a berm, as described on HrsBat p.35. This spell has no effect when cast in an area of stone such as an unworked cavern floor, a flagstone floor, or a cobblestone street.		SOURCELONG:Heroes of Battle	SOURCESHORT:hrsbat	SOURCEPAGE:p.125
Battlefield Illumination						CLASSES:Cleric,Druid,Paladin=4			SCHOOL:Evocation						DESCRIPTOR:Light			TYPE:Arcane.Divine	COMPS:V, S		CASTTIME:1 round			RANGE:Long		TARGETAREA:80 ft radius cylinder, 40 ft high						DURATION:(CASTERLEVEL*10) minutes			SAVEINFO:None					SPELLRES:NO					DESC:A soft light illuminates the area, improving the illumination in the area by one category (from darkness to shadowy, or from shadowy to bright light). It does not stack with other magical light effects.				SOURCELONG:Heroes of Battle	SOURCESHORT:hrsbat	SOURCEPAGE:p.125
Battlemagic Perception							CLASSES:Cleric,Sorcerer,Wizard=3			SCHOOL:Divination											TYPE:Arcane.Divine	COMPS:V, S		CASTTIME:1 standard action	RANGE:Personal	TARGETAREA:You											DURATION:(CASTERLEVEL*10) minutes			SAVEINFO:None					SPELLRES:NO					DESC:You gain a perception of the forces of magic and can sense when magic is being manipulated by a spellcaster. You gain a +5 competence bonus on Spellcraft checks made to identify a spell as it is being cast.			SOURCELONG:Heroes of Battle	SOURCESHORT:hrsbat	SOURCEPAGE:p.125
Blaze of Light								CLASSES:Paladin=1|Druid=2				SCHOOL:Evocation						DESCRIPTOR:Light			TYPE:Arcane			COMPS:V, S		CASTTIME:1 standard action	RANGE:60 ft		TARGETAREA:Cone											DURATION:Instantaneous					SAVEINFO:Fort Negates				SPELLRES:YES				DESC:A cone of bright light shines forth from just above the caster's head. All creatures within the cone that fail a Fortitude saving throw are dazzled for 1 minute.											SOURCELONG:Heroes of Battle	SOURCESHORT:hrsbat	SOURCEPAGE:p.125
Boiling Oil									CLASSES:Sorcerer,Wizard=4				SCHOOL:Conjuration	SUBSCHOOL:Creation	DESCRIPTOR:Fire			TYPE:Arcane			COMPS:V, S		CASTTIME:1 standard action	RANGE:Medium	TARGETAREA:10 ft radius cylinder, 40 ft high						DURATION:(1+(CASTERLEVEL/3)) rounds		SAVEINFO:Reflex Half				SPELLRES:NO					DESC:Creatures take 4d6 points of scalding (fire) damage from the oil. Creatures that fail their initial saving throw take an additional 2d6 points of damage in each subsequent round (max of 6 at 18th lvl).				SOURCELONG:Heroes of Battle	SOURCESHORT:hrsbat	SOURCEPAGE:p.125
Consecrate Battlefield							CLASSES:Cleric=6						SCHOOL:Evocation						DESCRIPTOR:Good			TYPE:Divine			COMPS:V, S, M, DF	CASTTIME:10 minutes		RANGE:Medium	TARGETAREA:100 ft radius									DURATION:(CASTERLEVEL) per day			SAVEINFO:None					SPELLRES:NO			COST:500	DESC:This spell blesses a large area with positive energy as the consecrate spell would (see PHB p.212). Any creature slain within the area of this spell cannot be turned into an undead creature for the duration of the spell.	SOURCELONG:Heroes of Battle	SOURCESHORT:hrsbat	SOURCEPAGE:p.126
Crisis of Confidence							CLASSES:Hexblade=2|Bard=3				SCHOOL:Enchantment	SUBSCHOOL:Compulsion	DESCRIPTOR:Mind-Affecting	TYPE:Arcane			COMPS:V		CASTTIME:1 standard action	RANGE:Close		TARGETAREA:One creature										DURATION:(CASTERLEVEL) minutes			SAVEINFO:Will negates				SPELLRES:YES				DESC:You strip away the target's leadership qualities, leaving the creature virtually incapable of commanding troops. The target may not add its Charisma bonus to rally checks. The target's commander rating is reduced to 0.	SOURCELONG:Heroes of Battle	SOURCESHORT:hrsbat	SOURCEPAGE:p.126
Desecrate Battlefield							CLASSES:Cleric=6						SCHOOL:Evocation						DESCRIPTOR:Evil			TYPE:Divine			COMPS:V, S, M, DF	CASTTIME:10 minutes		RANGE:Medium	TARGETAREA:100 ft radius									DURATION:(CASTERLEVEL) days				SAVEINFO:None					SPELLRES:NO			COST:500	DESC:This spell imbues a large area with negative energy. This functions as the desecrate spell (see PHB pg.218). Desecrate battlefield counters and dispels consecrate and consecrate battlefield.						SOURCELONG:Heroes of Battle	SOURCESHORT:hrsbat	SOURCEPAGE:p.126
Drums of War								CLASSES:Bard=4						SCHOOL:Enchantment	SUBSCHOOL:Compulsion	DESCRIPTOR:Mind-Affecting	TYPE:Arcane			COMPS:V, S, F/DF	CASTTIME:1 standard action	RANGE:Medium	TARGETAREA:Within hearing range								DURATION:(CON +CASTERLEVEL) rounds			SAVEINFO:None					SPELLRES:YES				DESC:The spell becomes an ominous cadence of drumbeats that fills enemies with doubt. All enemies within range of the spell take a –2 penalty on their attack rolls and saving throws as long as the drums of war continue		SOURCELONG:Heroes of Battle	SOURCESHORT:hrsbat	SOURCEPAGE:p.126
Early Twilight								CLASSES:Cleric,Hexblade,Sorcerer,Wizard=4	SCHOOL:Evocation						DESCRIPTOR:Darkness		TYPE:Arcane.Divine	COMPS:V, M/DF	CASTTIME:1 round			RANGE:Long		TARGETAREA:80 ft radius cylinder, 40 ft high						DURATION:(CASTERLEVEL*10)				SAVEINFO:None					SPELLRES:NO					DESC:Reduces illumination in the area by one category (from bright light to shadowy, or from shadowy to darkness).																				SOURCELONG:Heroes of Battle	SOURCESHORT:hrsbat	SOURCEPAGE:p.126
Hurtling Stone								CLASSES:Druid=4						SCHOOL:Conjuration	SUBSCHOOL:Creation						TYPE:Arcane			COMPS:V, S		CASTTIME:1 standard action	RANGE:60 ft		TARGETAREA:60 ft line										DURATION:Instantaneous					SAVEINFO:Reflex Negates				SPELLRES:NO					DESC:This spell creates a 50-pound stone that speeds away from the caster in a straight line, dealing 6d6 points of damage to each creature in its path. Any Medium or smaller creatures in its path are knocked prone.			SOURCELONG:Heroes of Battle	SOURCESHORT:hrsbat	SOURCEPAGE:p.127
Leomund's Billet								CLASSES:Bard,Sorcerer,Wizard=5			SCHOOL:Conjuration	SUBSCHOOL:Creation						TYPE:Arcane			COMPS:V, S, M	CASTTIME:1 standard action	RANGE:Close		TARGETAREA:20x20 ft structure									DURATION:(CASTERLEVEL*2) hours			SAVEINFO:None					SPELLRES:NO					DESC:Creates a simple building that houses up to forty troops including food.																										SOURCELONG:Heroes of Battle	SOURCESHORT:hrsbat	SOURCEPAGE:p.127
Molten Strike								CLASSES:Sorcerer,Wizard=2				SCHOOL:Evocation						DESCRIPTOR:Fire			TYPE:Arcane			COMPS:V, S		CASTTIME:1 standard action	RANGE:Long		TARGETAREA:5 ft radius burst									DURATION:Instantaneous					SAVEINFO:Reflex negates				SPELLRES:YES				DESC:Launch a ball of molten rock that detonates dealing 2d6 points of fire damage to every creature within the area. DC 15 Reflex save for secondary damage of 1d6 of fire;damage each round.							SOURCELONG:Heroes of Battle	SOURCESHORT:hrsbat	SOURCEPAGE:p.127
Resounding Voice								CLASSES:Bard,Cleric=2					SCHOOL:Transmutation					DESCRIPTOR:Sonic			TYPE:Arcane.Divine	COMPS:S		CASTTIME:1 standard action	RANGE:Touch		TARGETAREA:Creature touched									DURATION:(CASTERLEVEL) minutes			SAVEINFO:Will Negates (harmless)		SPELLRES:YES				DESC:Subject gets supernaturally loud, and his voice carries over long distances. A creature speaking or singing with this aid can be heard clearly up to (CASTERLEVEL*100) feet away.								SOURCELONG:Heroes of Battle	SOURCESHORT:hrsbat	SOURCEPAGE:p.127
Shreiking Blast								CLASSES:Sorcerer,Wizard=5				SCHOOL:Evocation						DESCRIPTOR:Sonic			TYPE:Arcane			COMPS:V, S, M	CASTTIME:1 standard action	RANGE:Medium	TARGETAREA:40 ft radius burst									DURATION:Instantaneous					SAVEINFO:Fort Partial, see text		SPELLRES:YES				DESC:Any creature in the area is permanently deafened and takes 8d6 points of sonic damage. A successful save reduces the deafness to 1 round and reduces the damage by half.										SOURCELONG:Heroes of Battle	SOURCESHORT:hrsbat	SOURCEPAGE:p.127
Spiritual Calvalry							CLASSES:Cleric=5						SCHOOL:Evocation						DESCRIPTOR:Force			TYPE:Divine			COMPS:V, S, DF	CASTTIME:1 standard action	RANGE:Medium	TARGETAREA:Two or more magical horsemen							DURATION:Instantaneous					SAVEINFO:None and Ford negates, see text	SPELLRES:YES				DESC:Creates (CASTERLEVEL/4) horsemen. Any Large or smaller creature struck by one of your spiritual cavalry must succeed on a Fortitude save or be knocked prone and trampled by the rider, taking 1d8 points of force damage.	SOURCELONG:Heroes of Battle	SOURCESHORT:hrsbat	SOURCEPAGE:p.127
Spiritual Charger								CLASSES:Cleric=3						SCHOOL:Evocation						DESCRIPTOR:Force			TYPE:Divine			COMPS:V, S, DF	CASTTIME:1 standard action	RANGE:Medium	TARGETAREA:Magic horseman of force								DURATION:Instantaneous					SAVEINFO:None					SPELLRES:YES				DESC:Rider's attack bonus is +(BAB + WIS). If it appears in a location at least 10 ft from its target, it gains +2 bonus on the attack roll. It deals 2D8 + (CASTERLEVEL/3) force damage. Crit:20x3						SOURCELONG:Heroes of Battle	SOURCESHORT:hrsbat	SOURCEPAGE:p.128
Status (Greater)			OUTPUTNAME:Greater Status	CLASSES:Cleric=5|Healer=6				SCHOOL:Divination											TYPE:Arcane.Divine	COMPS:V, S		CASTTIME:1 minute			RANGE:Medium	TARGETAREA:(CASTERLEVEL*10) living creatures targeted				DURATION:(CASTERLEVEL) hours				SAVEINFO:Will negates (harmless)		SPELLRES:YES (Harmless)			DESC:Identical to Status spell in PHB with changes in stats shown.																												SOURCELONG:Heroes of Battle	SOURCESHORT:hrsbat	SOURCEPAGE:p.128
Trip Vine									CLASSES:Druid,Ranger=2					SCHOOL:Transmutation										TYPE:Arcane			COMPS:V, S, DF	CASTTIME:1 standard action	RANGE:Medium	TARGETAREA:(CASTERLEVEL*10) ft sq per level per day					DURATION:(CASTERLEVEL) hours				SAVEINFO:Reflex negates, see text		SPELLRES:NO					DESC:Any creature entering an affected square must succeed on a Reflex save or fall prone. Any creature charging into an affected square takes a –2 penalty on its saving throw, if cast on undergrowth, saves take a –2 penalty.	SOURCELONG:Heroes of Battle	SOURCESHORT:hrsbat	SOURCEPAGE:p.128
