# CVS $Revision: 1.1 $ $Author: chrisc $ -- Fri May  8 08:59:10 2009 -- reformated by prettylst.pl v1.39 (build 8180)
#CREATED BY S.R.Stephen, October 2005

# Equipment Name			Output Name						Type										Cost		Weight	Base Quantity	Critical Hit Multiplier	Critical Hit Range	Damage	Modifier		Requires Modification?	Source, Long Desc.		Source, Short Desc.	Source Page		Special Property
Acid Stone											TYPE:Ammunition.Magic.Specific.Siege Engine.Stone.Single	COST:50	WT:10		BASEQTY:1										DAMAGE:1d6				MODS:NO			SOURCELONG:Heroes of Battle	SOURCESHORT:hrsbat	SOURCEPAGE:p.134	SPROP:Upon impact breaks apart, deals 2d6 pts acid dmg in square hit, 1d6 pts acid dmg in adjacent square.
Alchemist's Stone										TYPE:Ammunition.Magic.Specific.Siege Engine.Stone.Single	COST:100	WT:10		BASEQTY:1										DAMAGE:1d6				MODS:NO			SOURCELONG:Heroes of Battle	SOURCESHORT:hrsbat	SOURCEPAGE:p.134	SPROP:Upon impact breaks apart, deals 2d6 pts fire dmg in square hit, 1d6 pts fire dmg in an adjacent square.
Bolt (Ballista ~ Adamantine)	OUTPUTNAME:Ballista Bolt ~ Adamantine	TYPE:Ammunition.Standard.Specific.Siege Engine.Bolt.Single	COST:2941	WT:6		BASEQTY:1										DAMAGE:1d6	EQMOD:AMMO_ADAMNT	MODS:NO			SOURCELONG:Heroes of Battle	SOURCESHORT:hrsbat	SOURCEPAGE:p.135	SPROP:Ignores hardness of less than 20
Bolt (Ballista ~ Light)		OUTPUTNAME:Ballista Bolt ~ Light		TYPE:Ammunition.Standard.Siege Engine.Bolt.Single		COST:1	WT:6		BASEQTY:1		CRITMULT:x2			CRITRANGE:2			DAMAGE:3d8	EQMOD:AMMO_MWORK	MODS:YES			SOURCELONG:Heroes of Battle	SOURCESHORT:hrsbat	SOURCEPAGE:p.67
Bolt (Ballista ~ Heavy)		OUTPUTNAME:Ballista Bolt ~ Heavy		TYPE:Ammunition.Standard.Siege Engine.Bolt.Single		COST:1	WT:6		BASEQTY:1		CRITMULT:x2			CRITRANGE:2			DAMAGE:5d8	EQMOD:AMMO_MWORK	MODS:YES			SOURCELONG:Heroes of Battle	SOURCESHORT:hrsbat	SOURCEPAGE:p.67
Elemental Rockshot									TYPE:Ammunition.Magic.Specific.Siege Engine.Stone.Single	COST:750	WT:75		BASEQTY:1		CRITMULT:x2			CRITRANGE:2			DAMAGE:6d6				MODS:NO			SOURCELONG:Heroes of Battle	SOURCESHORT:hrsbat	SOURCEPAGE:p.136	SPROP:Fired from scorpion or hvy mangonel. After impact (normal dmg), becomes small earth elemental for 5 rnds.
Hellwasp Shot										TYPE:Ammunition.Magic.Specific.Siege Engine.Shot.Single	COST:2500	WT:20		BASEQTY:1															MODS:NO			SOURCELONG:Heroes of Battle	SOURCESHORT:hrsbat	SOURCEPAGE:p.136	SPROP:Deals no damage on impact. Breaks open & spews out swarm. Fills 10-ft cube for 10 rounds.
Holy Stone											TYPE:Ammunition.Magic.Specific.Siege Engine.Shot.Single	COST:125	WT:10		BASEQTY:1		CRITMULT:x2			CRITRANGE:1			DAMAGE:1d6				MODS:NO			SOURCELONG:Heroes of Battle	SOURCESHORT:hrsbat	SOURCEPAGE:p.136	SPROP:Breaks apart on impact, deals 4d4 pts dmg to undead creature or evil outsider in square hit, & 2d4 pts dmg in adjacent square.
Unholy Stone										TYPE:Ammunition.Magic.Specific.Siege Engine.Shot.Single	COST:125	WT:10		BASEQTY:1		CRITMULT:x2			CRITRANGE:1			DAMAGE:1d6				MODS:NO			SOURCELONG:Heroes of Battle	SOURCESHORT:hrsbat	SOURCEPAGE:p.136	SPROP:Breaks apart on impact, deals 4d4 pts dmg to undead creature or good outsider in square hit, & 2d4 pts dmg in adjacent square.
Shot (Mangonel ~ Heavy)		OUTPUTNAME:Heavy Mangonel Shot		TYPE:Ammunition.Standard.Siege Engine.Shot.Single		COST:.5	WT:50		BASEQTY:1		CRITMULT:x2			CRITRANGE:1			DAMAGE:3d6	EQMOD:AMMO_MWORK	MODS:YES			SOURCELONG:Heroes of Battle	SOURCESHORT:hrsbat	SOURCEPAGE:p.67
Stone (Mangonel ~ Heavy)	OUTPUTNAME:Heavy Mangonel Stone		TYPE:Ammunition.Standard.Siege Engine.Stone.Single		COST:2	WT:75		BASEQTY:1		CRITMULT:x2			CRITRANGE:1			DAMAGE:6d6	EQMOD:AMMO_MWORK	MODS:YES			SOURCELONG:Heroes of Battle	SOURCESHORT:hrsbat	SOURCEPAGE:p.67
Shot (Mangonel ~ Light)		OUTPUTNAME:Light Mangonel Shot		TYPE:Ammunition.Standard.Siege Engine.Shot.Single		COST:.3	WT:30		BASEQTY:1		CRITMULT:x2			CRITRANGE:1			DAMAGE:2d6	EQMOD:AMMO_MWORK	MODS:YES			SOURCELONG:Heroes of Battle	SOURCESHORT:hrsbat	SOURCEPAGE:p.67
Stone (Mangonel ~ Light)	OUTPUTNAME:Light Mangonel Stone		TYPE:Ammunition.Standard.Siege Engine.Stone.Single		COST:1	WT:40		BASEQTY:1		CRITMULT:x2			CRITRANGE:1			DAMAGE:4d6	EQMOD:AMMO_MWORK	MODS:YES			SOURCELONG:Heroes of Battle	SOURCESHORT:hrsbat	SOURCEPAGE:p.67
Shot (Scorpion)			OUTPUTNAME:Scorpion Shot			TYPE:Ammunition.Standard.Siege Engine.Shot.Single		COST:.5	WT:50		BASEQTY:1		CRITMULT:x2			CRITRANGE:1			DAMAGE:3d6	EQMOD:AMMO_MWORK	MODS:YES			SOURCELONG:Heroes of Battle	SOURCESHORT:hrsbat	SOURCEPAGE:p.67
Stone (Scorpion)			OUTPUTNAME:Scorpion Stone			TYPE:Ammunition.Standard.Siege Engine.Stone.Single		COST:2	WT:75		BASEQTY:1		CRITMULT:x2			CRITRANGE:1			DAMAGE:6d6	EQMOD:AMMO_MWORK	MODS:YES			SOURCELONG:Heroes of Battle	SOURCESHORT:hrsbat	SOURCEPAGE:p.67
Shot (Trebuchet ~ Heavy)	OUTPUTNAME:Heavy Trebuchet Shot		TYPE:Ammunition.Standard.Siege Engine.Shot.Single		COST:1	WT:100	BASEQTY:1		CRITMULT:x2			CRITRANGE:1			DAMAGE:7d6	EQMOD:AMMO_MWORK	MODS:YES			SOURCELONG:Heroes of Battle	SOURCESHORT:hrsbat	SOURCEPAGE:p.67
Stone (Trebuchet ~ Heavy)	OUTPUTNAME:Heavy Trebuchet Stone		TYPE:Ammunition.Standard.Siege Engine.Stone.Single		COST:4	WT:150	BASEQTY:1		CRITMULT:x2			CRITRANGE:1			DAMAGE:14d6	EQMOD:AMMO_MWORK	MODS:YES			SOURCELONG:Heroes of Battle	SOURCESHORT:hrsbat	SOURCEPAGE:p.67
Shot (Trebuchet ~ Light)	OUTPUTNAME:Light Trebuchet Shot		TYPE:Ammunition.Standard.Siege Engine.Shot.Single		COST:.7	WT:75		BASEQTY:1		CRITMULT:x2			CRITRANGE:1			DAMAGE:5d6	EQMOD:AMMO_MWORK	MODS:YES			SOURCELONG:Heroes of Battle	SOURCESHORT:hrsbat	SOURCEPAGE:p.67
Stone (Trebuchet ~ Light)	OUTPUTNAME:Light Trebuchet Stone		TYPE:Ammunition.Standard.Siege Engine.Stone.Single		COST:3	WT:100	BASEQTY:1		CRITMULT:x2			CRITRANGE:1			DAMAGE:10d6	EQMOD:AMMO_MWORK	MODS:YES			SOURCELONG:Heroes of Battle	SOURCESHORT:hrsbat	SOURCEPAGE:p.67
Stone (Catapult ~ Adamantine)	OUTPUTNAME:Adamantine Catapult Stone	TYPE:Ammunition.Standard.Specific.Siege Engine.Stone.Single	COST:41	WT:40		BASEQTY:1		CRITMULT:x2			CRITRANGE:1			DAMAGE:5d8	EQMOD:AMMO_ADAMNT	MODS:NO			SOURCELONG:Heroes of Battle	SOURCESHORT:hrsbat	SOURCEPAGE:p.135	SPROP:Ignores hardness of less than 20
Self-Launching Stone									TYPE:Ammunition.Magic.Specific.Siege Engine.Shot.Single	COST:500	WT:40		BASEQTY:1		CRITMULT:x2			CRITRANGE:1			DAMAGE:2d6				MODS:YES			SOURCELONG:Heroes of Battle	SOURCESHORT:hrsbat	SOURCEPAGE:p.136	SPROP:On command, flies & strikes as if fired from lt mangonel, automatically hitting.
Spider Shot											TYPE:Ammunition.Magic.Specific.Siege Engine.Shot.Single	COST:300	WT:10		BASEQTY:1		CRITMULT:x2			CRITRANGE:1			DAMAGE:1d6				MODS:NO			SOURCELONG:Heroes of Battle	SOURCESHORT:hrsbat	SOURCEPAGE:p.137	SPROP:Contents spread over 10-by-10 square, creating spider swarm. Attacks all creatures in or adjacent to its space.
Tanglefoot Shot										TYPE:Ammunition.Magic.Specific.Siege Engine.Shot.Single	COST:250	WT:20		BASEQTY:1															MODS:NO			SOURCELONG:Heroes of Battle	SOURCESHORT:hrsbat	SOURCEPAGE:p.137	SPROP:Creatures within 5 ft of impact square affected as contact with tanglefoot bag. Take –5 penalty on save.
