# CVS $Revision: 1.1 $ $Author: chrisc $ -- Fri May  8 08:59:10 2009 -- reformated by prettylst.pl v1.39 (build 8180)
# Modifier Name			Unique Key			Type			Plus		Cost		Visible		Type granted	Keys to replace						Source, Long Desc.			Source, Short Desc.	Source Page		Multiple Requirements						Modify VAR														Special Property				Apply to both heads	Define
Deadly Precision			KEY:AMMO_DEADLY_PREC	TYPE:Ammunition	PLUS:2			VISIBLE:QUALIFY	ITYPE:Enhancement									SOURCELONG:Miniature's Handbook	SOURCESHORT:minihb	SOURCEPAGE:p.	PREMULT:2,[PRETYPE:1,Magic],[PRETYPE:1,Ammunition]	BONUS:VAR|ItemEgo|2	BONUS:VAR|ItemEgo|2	BONUS:VAR|SneakAttackDice|2|PREAPPLY:PC	SPROP:Deadly Precision							DEFINE:SneakAttackDice|0	DEFINE:ItemEgo|0
Doom Burst				KEY:AMMO_DOOM_BRST	TYPE:Ammunition	PLUS:1			VISIBLE:QUALIFY	ITYPE:Enhancement									SOURCELONG:Miniature's Handbook	SOURCESHORT:minihb	SOURCEPAGE:p.	PREMULT:2,[PRETYPE:1,Magic],[PRETYPE:1,Ammunition]	BONUS:VAR|ItemEgo|1	BONUS:VAR|ItemEgo|1								SPROP:Doom Burst								DEFINE:ItemEgo|0
Fear Burst				KEY:AMMO_FEAR_BRST	TYPE:Ammunition	PLUS:1			VISIBLE:QUALIFY	ITYPE:Enhancement									SOURCELONG:Miniature's Handbook	SOURCESHORT:minihb	SOURCEPAGE:p.	PREMULT:2,[PRETYPE:1,Magic],[PRETYPE:1,Ammunition]	BONUS:VAR|ItemEgo|1	BONUS:VAR|ItemEgo|1								SPROP:Fear Burst								DEFINE:ItemEgo|0
Maiming				KEY:AMMO_MAIMING		TYPE:Ammunition	PLUS:1			VISIBLE:QUALIFY	ITYPE:Enhancement									SOURCELONG:Miniature's Handbook	SOURCESHORT:minihb	SOURCEPAGE:p.	PREMULT:2,[PRETYPE:1,Magic],[PRETYPE:1,Ammunition]	BONUS:VAR|ItemEgo|1	BONUS:VAR|ItemEgo|1								SPROP:Maiming								DEFINE:ItemEgo|0
Paralytic Burst			KEY:AMMO_PARALYTIC_BRST	TYPE:Ammunition	PLUS:2			VISIBLE:QUALIFY	ITYPE:Enhancement									SOURCELONG:Miniature's Handbook	SOURCESHORT:minihb	SOURCEPAGE:p.	PREMULT:2,[PRETYPE:1,Magic],[PRETYPE:1,Ammunition]	BONUS:VAR|ItemEgo|2	BONUS:VAR|ItemEgo|2								SPROP:Paralytic Burst							DEFINE:ItemEgo|0
Prismatic Burst			KEY:AMMO_PRISMATIC_BRST	TYPE:Ammunition	PLUS:3			VISIBLE:QUALIFY	ITYPE:Enhancement									SOURCELONG:Miniature's Handbook	SOURCESHORT:minihb	SOURCEPAGE:p.	PREMULT:2,[PRETYPE:1,Magic],[PRETYPE:1,Ammunition]	BONUS:VAR|ItemEgo|3	BONUS:VAR|ItemEgo|3								SPROP:Prismatic Burst							DEFINE:ItemEgo|0
Slow Burst				KEY:AMMO_SLOW_BRST	TYPE:Ammunition	PLUS:1			VISIBLE:QUALIFY	ITYPE:Enhancement									SOURCELONG:Miniature's Handbook	SOURCESHORT:minihb	SOURCEPAGE:p.	PREMULT:2,[PRETYPE:1,Magic],[PRETYPE:1,Ammunition]	BONUS:VAR|ItemEgo|1	BONUS:VAR|ItemEgo|1								SPROP:Slow Burst								DEFINE:ItemEgo|0
Sonic					KEY:AMMO_SONIC		TYPE:Ammunition	PLUS:1			VISIBLE:QUALIFY	ITYPE:Enhancement									SOURCELONG:Miniature's Handbook	SOURCESHORT:minihb	SOURCEPAGE:p.	PREMULT:2,[PRETYPE:1,Magic],[PRETYPE:1,Ammunition]	BONUS:VAR|ItemEgo|1	BONUS:VAR|ItemEgo|1								SPROP:Sonic									DEFINE:ItemEgo|0
Sonic Resistance (Greater)	KEY:ARMR_SONIC_RES_GRTR	TYPE:Armor				COST:66000	VISIBLE:QUALIFY	ITYPE:Enhancement	REPLACES:ARMR_SONIC_RES,ARMR_SONIC_RES_IMP	SOURCELONG:Miniature's Handbook	SOURCESHORT:minihb	SOURCEPAGE:p.	PREMULT:3,[PRETYPE:1,Magic],[PRETYPE:1,Armor]		BONUS:VAR|ItemEgo|2												SPROP:Sonic Resistance (Greater)
Paired				KEY:SHLD_PAIRED		TYPE:Shield		PLUS:1			VISIBLE:QUALIFY	ITYPE:Enhancement									SOURCELONG:Miniature's Handbook	SOURCESHORT:minihb	SOURCEPAGE:p.	PREMULT:2,[PRETYPE:1,Shield],[PRETYPE:1,Magic]		BONUS:VAR|ItemEgo|1	BONUS:VAR|ItemEgo|1								SPROP:Paired								DEFINE:ItemEgo|0
Sonic Resistance (Greater)	KEY:SHLD_SONIC_RES_GRTR	TYPE:Shield				COST:66000	VISIBLE:QUALIFY	ITYPE:Enhancement	REPLACES:SHLD_SONIC_RES,SHLD_SONIC_RES_IMP	SOURCELONG:Miniature's Handbook	SOURCESHORT:minihb	SOURCEPAGE:p.	PREMULT:2,[PRETYPE:1,Shield],[PRETYPE:1,Magic]		BONUS:VAR|ItemEgo|2												SPROP:Sonic Resistance (Greater)
Deadly Precision			KEY:WEAP_DEADLY_PREC	TYPE:Weapon		PLUS:2			VISIBLE:QUALIFY	ITYPE:Enhancement									SOURCELONG:Miniature's Handbook	SOURCESHORT:minihb	SOURCEPAGE:p.	PREMULT:2,[PRETYPE:1,Weapon],[PRETYPE:1,Magic]		BONUS:VAR|ItemEgo|2	BONUS:VAR|SneakAttackDice|2|PREAPPLY:PC					SPROP:Deadly Precision			ASSIGNTOALL:NO		DEFINE:ItemEgo|0
Doom Burst				KEY:WEAP_DOOM_BRST	TYPE:Weapon		PLUS:1			VISIBLE:QUALIFY	ITYPE:Enhancement									SOURCELONG:Miniature's Handbook	SOURCESHORT:minihb	SOURCEPAGE:p.	PREMULT:2,[PRETYPE:1,Weapon],[PRETYPE:1,Magic]		BONUS:VAR|ItemEgo|1												SPROP:Doom Burst				ASSIGNTOALL:NO		DEFINE:ItemEgo|0
Fear Burst				KEY:WEAP_FEAR_BRST	TYPE:Weapon		PLUS:1			VISIBLE:QUALIFY	ITYPE:Enhancement									SOURCELONG:Miniature's Handbook	SOURCESHORT:minihb	SOURCEPAGE:p.	PREMULT:2,[PRETYPE:1,Weapon],[PRETYPE:1,Magic]		BONUS:VAR|ItemEgo|1												SPROP:Fear Burst				ASSIGNTOALL:NO		DEFINE:ItemEgo|0
Maiming				KEY:WEAP_MAIMING		TYPE:Weapon		PLUS:1			VISIBLE:QUALIFY	ITYPE:Enhancement									SOURCELONG:Miniature's Handbook	SOURCESHORT:minihb	SOURCEPAGE:p.	PREMULT:2,[PRETYPE:1,Weapon],[PRETYPE:1,Magic]		BONUS:VAR|ItemEgo|1												SPROP:Maiming				ASSIGNTOALL:NO		DEFINE:ItemEgo|0
Paralytic Burst			KEY:WEAP_PARALYTIC_BRST	TYPE:Weapon		PLUS:2			VISIBLE:QUALIFY	ITYPE:Enhancement									SOURCELONG:Miniature's Handbook	SOURCESHORT:minihb	SOURCEPAGE:p.	PREMULT:2,[PRETYPE:1,Weapon],[PRETYPE:1,Magic]		BONUS:VAR|ItemEgo|2												SPROP:Paralytic Burst			ASSIGNTOALL:NO		DEFINE:ItemEgo|0
Prismatic Burst			KEY:WEAP_PRISMATIC_BRST	TYPE:Weapon		PLUS:3			VISIBLE:QUALIFY	ITYPE:Enhancement									SOURCELONG:Miniature's Handbook	SOURCESHORT:minihb	SOURCEPAGE:p.	PREMULT:2,[PRETYPE:1,Weapon],[PRETYPE:1,Magic]		BONUS:VAR|ItemEgo|3												SPROP:Prismatic Burst			ASSIGNTOALL:NO		DEFINE:ItemEgo|0
Slow Burst				KEY:WEAP_SLOW_BRST	TYPE:Weapon		PLUS:1			VISIBLE:QUALIFY	ITYPE:Enhancement									SOURCELONG:Miniature's Handbook	SOURCESHORT:minihb	SOURCEPAGE:p.	PREMULT:2,[PRETYPE:1,Weapon],[PRETYPE:1,Magic]		BONUS:VAR|ItemEgo|1												SPROP:Slow Burst				ASSIGNTOALL:NO		DEFINE:ItemEgo|0
Sonic					KEY:WEAP_SONIC		TYPE:Weapon		PLUS:1			VISIBLE:QUALIFY	ITYPE:Enhancement									SOURCELONG:Miniature's Handbook	SOURCESHORT:minihb	SOURCEPAGE:p.	PREMULT:2,[PRETYPE:1,Weapon],[PRETYPE:1,Magic]		BONUS:VAR|ItemEgo|1												SPROP:Sonic					ASSIGNTOALL:NO		DEFINE:ItemEgo|0
