# CVS $Revision: 1.1 $ $Author: chrisc $ -- Fri May  8 08:59:10 2009 -- reformated by prettylst.pl v1.39 (build 8180)

# Equipment Name			Type				Cost		Weight	Requires Modification?	Source, Long Desc.			Source, Short Desc.	Source Page		Virtual Feat		Damage Reduction	Save checks bonus		Combat bonus					Bonus to skill						Stat bonus								Special Property
Amulet of Fortune Prevailing	TYPE:Wondrous.Amulet	COST:8000	WT:.01	MODS:NO			SOURCELONG:Miniature's Handbook	SOURCESHORT:minihb	SOURCEPAGE:p.42																																				SPROP:Re-roll saving throw (must use second roll) 1/day
Belt of One Mighty Blow		TYPE:Wondrous.Belt	COST:1500	WT:1		MODS:NO			SOURCELONG:Miniature's Handbook	SOURCESHORT:minihb	SOURCEPAGE:p.42																																				SPROP:Gain extra damage on melee attack 1/day  ~ Light weapon +1d8, One Handed weapon +2d6, Two Handed weapon +3d6
Belt of Magnificence (+2)	TYPE:Wondrous.Belt	COST:25000	WT:1		MODS:NO			SOURCELONG:Miniature's Handbook	SOURCESHORT:minihb	SOURCEPAGE:p.42																											BONUS:STAT|STR,DEX,CON,INT,WIS,CHA|2|TYPE=Enhancement	SPROP:Grant +2 to all ability scores
Belt of Magnificence (+4)	TYPE:Wondrous.Belt	COST:100000	WT:1		MODS:NO			SOURCELONG:Miniature's Handbook	SOURCESHORT:minihb	SOURCEPAGE:p.42																											BONUS:STAT|STR,DEX,CON,INT,WIS,CHA|4|TYPE=Enhancement	SPROP:Grant +4 to all ability scores
Belt of Magnificence (+6)	TYPE:Wondrous.Belt	COST:200000	WT:1		MODS:NO			SOURCELONG:Miniature's Handbook	SOURCESHORT:minihb	SOURCEPAGE:p.42																											BONUS:STAT|STR,DEX,CON,INT,WIS,CHA|6|TYPE=Enhancement	SPROP:Grant +6 to all ability scores
Boots of Big Stepping		TYPE:Wondrous.Boot	COST:11200			MODS:NO			SOURCELONG:Miniature's Handbook	SOURCESHORT:minihb	SOURCEPAGE:p.42																																				SPROP:Dimension Door 1/day
Boots of Charging			TYPE:Wondrous.Boot	COST:5000			MODS:NO			SOURCELONG:Miniature's Handbook	SOURCESHORT:minihb	SOURCEPAGE:p.42	VFEAT:Powerful Charge																																SPROP:Grant Powerful Charge feat while worn
Bracers of Quick Strike		TYPE:Wondrous.Bracer	COST:1200			MODS:NO			SOURCELONG:Miniature's Handbook	SOURCESHORT:minihb	SOURCEPAGE:p.42																																				SPROP:May make one additional attack with any weapon held 1/day
Cloak of Elemental Protection	TYPE:Wondrous.Cape	COST:1000	WT:1		MODS:NO			SOURCELONG:Miniature's Handbook	SOURCESHORT:minihb	SOURCEPAGE:p.43																																				SPROP:Gain resistance 10 to wearers choice of energy type 1/day
Cloak of the Salamander		TYPE:Wondrous.Cape	COST:56000	WT:1		MODS:NO			SOURCELONG:Miniature's Handbook	SOURCESHORT:minihb	SOURCEPAGE:p.43																																				SPROP:Sheathes wearer in blue flames, deals 1d6+7 points of fire damage to anyone striking the wearer with a natural or melee attack
Cloak of Thorns			TYPE:Wondrous.Cape	COST:40000	WT:1		MODS:NO			SOURCELONG:Miniature's Handbook	SOURCESHORT:minihb	SOURCEPAGE:p.43												BONUS:COMBAT|AC|2|TYPE=NaturalArmor.STACK																		SPROP:deals 1d4+3 points of piercing damage to anyone striking the wearer with a natural or melee attack
Collar of Command			TYPE:Wondrous		COST:30000	WT:.5		MODS:NO			SOURCELONG:Miniature's Handbook	SOURCESHORT:minihb	SOURCEPAGE:p.43																																				SPROP:When placed upon an animal, the animal is subject to the control of the collars owner
Exploding Spike			TYPE:Wondrous		COST:1500	WT:1		MODS:NO			SOURCELONG:Miniature's Handbook	SOURCESHORT:minihb	SOURCEPAGE:p.43																																				SPROP:After being planted firmly in the ground, turns invisible.  Explodes into 10d6 fireball when someone next comes within 10'
Field Provisions Box		TYPE:Wondrous		COST:2000	WT:5		MODS:NO			SOURCELONG:Miniature's Handbook	SOURCESHORT:minihb	SOURCEPAGE:p.43																																				SPROP:Feeds up to 15 men or 5 horses for one day.  Usable 1/day
Gloves of Fortunate Striking	TYPE:Wondrous.Glove	COST:2000	WT:1		MODS:NO			SOURCELONG:Miniature's Handbook	SOURCESHORT:minihb	SOURCEPAGE:p.43																																				SPROP:Wearer may make second attack roll, but must use it in place of the original 1/day
Helm of Glorius Recovery	TYPE:Wondrous.Headgear	COST:5600	WT:3		MODS:NO			SOURCELONG:Miniature's Handbook	SOURCESHORT:minihb	SOURCEPAGE:p.43																																				SPROP:Heals 4d8+7 once per day
Horn of Volume			TYPE:Wondrous		COST:1000	WT:1		MODS:NO			SOURCELONG:Miniature's Handbook	SOURCESHORT:minihb	SOURCEPAGE:p.43																																				SPROP:Lets user be heard up to twice as far away as normal
Magic Sleeping Bag		TYPE:Wondrous		COST:1000	WT:2		MODS:NO			SOURCELONG:Miniature's Handbook	SOURCESHORT:minihb	SOURCEPAGE:p.43																																				SPROP:Protects user with endure elements while inside, grants additional healing of 1 point per character level for a nights rest
Sandals of Sprinting		TYPE:Wondrous.Boot	COST:8000	WT:.05	MODS:NO			SOURCELONG:Miniature's Handbook	SOURCESHORT:minihb	SOURCEPAGE:p.43																																				SPROP:May increase speed by 30' for one round 1/day
Scepter of Obedience		TYPE:Wondrous		COST:12500	WT:4		MODS:NO			SOURCELONG:Miniature's Handbook	SOURCESHORT:minihb	SOURCEPAGE:p.44																			BONUS:SKILL|TYPE.Charisma|5|TYPE=Competence										SPROP:Grants +5 to Charisma based checks
Shirt of the Angels		TYPE:Wondrous		COST:76000	WT:1		MODS:NO			SOURCELONG:Miniature's Handbook	SOURCESHORT:minihb	SOURCEPAGE:p.44					DR:5/Evil																														SPROP:Frants damage reduction 5/Evil
Shirt of Bone			TYPE:Wondrous		COST:58000	WT:1		MODS:NO			SOURCELONG:Miniature's Handbook	SOURCESHORT:minihb	SOURCEPAGE:p.44					DR:5/Bludgeoning																													SPROP:Frants damage reduction 5/Bludgeoning
Shirt of Chains			TYPE:Wondrous		COST:58000	WT:1		MODS:NO			SOURCELONG:Miniature's Handbook	SOURCESHORT:minihb	SOURCEPAGE:p.44					DR:5/Piercing																													SPROP:Frants damage reduction 5/Piercing
Shirt of Demonskin		TYPE:Wondrous		COST:76000	WT:1		MODS:NO			SOURCELONG:Miniature's Handbook	SOURCESHORT:minihb	SOURCEPAGE:p.44					DR:5/Good																														SPROP:Frants damage reduction 5/Good
Shirt of the Fey			TYPE:Wondrous		COST:76000	WT:1		MODS:NO			SOURCELONG:Miniature's Handbook	SOURCESHORT:minihb	SOURCEPAGE:p.44					DR:5/Cold Iron																													SPROP:Frants damage reduction 5/Cold Iron
Shirt of the Inevitable		TYPE:Wondrous		COST:76000	WT:1		MODS:NO			SOURCELONG:Miniature's Handbook	SOURCESHORT:minihb	SOURCEPAGE:p.44					DR:5/Chaos																														SPROP:Frants damage reduction 5/Chaos
Shirt of Ironskin			TYPE:Wondrous		COST:90000	WT:1		MODS:NO			SOURCELONG:Miniature's Handbook	SOURCESHORT:minihb	SOURCEPAGE:p.44					DR:5/Adamantine																													SPROP:Frants damage reduction 5/Adamantine
Shirt of the Moon			TYPE:Wondrous		COST:76000	WT:1		MODS:NO			SOURCELONG:Miniature's Handbook	SOURCESHORT:minihb	SOURCEPAGE:p.44					DR:5/Silver																														SPROP:Frants damage reduction 5/Silver
Shirt of Resilience		TYPE:Wondrous		COST:58000	WT:1		MODS:NO			SOURCELONG:Miniature's Handbook	SOURCESHORT:minihb	SOURCEPAGE:p.44					DR:5/Magic																														SPROP:Frants damage reduction 5/Magic
Shirt of Slaadskin		TYPE:Wondrous		COST:76000	WT:1		MODS:NO			SOURCELONG:Miniature's Handbook	SOURCESHORT:minihb	SOURCEPAGE:p.44					DR:5/Lawful																														SPROP:Frants damage reduction 5/Lawful
Shirt of the Treant		TYPE:Wondrous		COST:58000	WT:1		MODS:NO			SOURCELONG:Miniature's Handbook	SOURCESHORT:minihb	SOURCEPAGE:p.44					DR:5/Slashing																													SPROP:Frants damage reduction 5/Slashing
Sleeping Spike			TYPE:Wondrous		COST:3250	WT:1		MODS:NO			SOURCELONG:Miniature's Handbook	SOURCESHORT:minihb	SOURCEPAGE:p.44																																				SPROP:After being planted firmly in the ground, turns invisible.  Emits sleep effect (20' radius) when someone next comes within 10'
Stunning Spike			TYPE:Wondrous		COST:9550	WT:1		MODS:NO			SOURCELONG:Miniature's Handbook	SOURCESHORT:minihb	SOURCEPAGE:p.44																																				SPROP:After being planted firmly in the ground, turns invisible.  Bursts when someone next comes within 10', stunning creatures within 20'
Collar of Obedience		TYPE:Wondrous.Amulet	COST:3000	WT:1		MODS:NO			SOURCELONG:Miniature's Handbook	SOURCESHORT:minihb	SOURCEPAGE:p.44								BONUS:CHECKS|Will|-2																									SPROP:Imposes -2 penalty to wearer's Will saving throws
Collar of Slavery			TYPE:Wondrous.Amulet	COST:8000	WT:1		MODS:NO			SOURCELONG:Miniature's Handbook	SOURCESHORT:minihb	SOURCEPAGE:p.44																																				SPROP:Imposes a -10 penalty to wearers saving throws vs. fear effects and -10 on level checks to oppose Intimidate checks

