# CVS $Revision: 1.1 $ $Author: chrisc $ -- Fri May  8 08:59:10 2009 -- reformated by prettylst.pl v1.39 (build 8180)

# Spell Name					Output Name							Classes of caster							School			Sub-School			Spell Descriptors			Spell Variations				Type				Components		Casting Time			Range			Item		Target Area or Effect							Duration					Save Info						Spell Resistance				Description																			Source, Long Desc.			Source, Short Desc.	Source Page
Acid Orb (Lesser)					OUTPUTNAME:Lesser Acid Orb				CLASSES:Sorcerer,Wizard,Warmage=1				SCHOOL:Conjuration	SUBSCHOOL:Creation	DESCRIPTOR:Acid									TYPE:Arcane			COMPS:V, S		CASTTIME:1 standard action	RANGE:Close		ITEM:Potion	TARGETAREA:One orb of acid						DURATION:Instantaneous			SAVEINFO:None					SPELLRES:No					DESC:Ranged Touch, (min(((CASTERLEVEL+1)/2),5))d8 acid damage.											SOURCELONG:Miniature's Handbook	SOURCESHORT:minihb	SOURCEPAGE:Miniatures Handbook, Pg.33
Aid (Legion's)					OUTPUTNAME:Legion's Aid					CLASSES:Cleric=4							SCHOOL:Enchantment	SUBSCHOOL:Compulsion	DESCRIPTOR:Mind-Affecting							TYPE:Divine			COMPS:V, S, DF	CASTTIME:1 standard action	RANGE:Medium			TARGETAREA:Allies in a 20'-radius burst				DURATION:(CASTERLEVEL) mins		SAVEINFO:None					SPELLRES:Yes (harmless)			DESC:Allies gain +1 morale bonus on attack rolls, saves vs fear, and 1d8+(min((CASTERLEVEL),20)) temporary hit points.	SOURCELONG:Miniature's Handbook	SOURCESHORT:minihb	SOURCEPAGE:Miniatures Handbook, Pg.33
Align Fang														CLASSES:Druid=3							SCHOOL:Transmutation										VARIANTS:Good|Evil|Lawful|Chaotic	TYPE:Divine			COMPS:V, S, DF	CASTTIME:1 standard action	RANGE:Touch				TARGETAREA:Living Creature Touched					DURATION:(CASTERLEVEL) mins		SAVEINFO:Will negates (harmless)		SPELLRES:Yes (harmless)			DESC:Natural weapon becomes good, evil, lawful, or chaotic.											SOURCELONG:Miniature's Handbook	SOURCESHORT:minihb	SOURCEPAGE:Miniatures Handbook, Pg.33
Align Fang (Legion's)				OUTPUTNAME:Legion's Align Fang			CLASSES:Druid=5							SCHOOL:Transmutation										VARIANTS:Good|Evil|Lawful|Chaotic	TYPE:Divine			COMPS:V, S, DF	CASTTIME:1 standard action	RANGE:Medium			TARGETAREA:Allies in a 20'-radius burst				DURATION:(CASTERLEVEL) mins		SAVEINFO:Will negates (harmless)		SPELLRES:Yes (harmless)			DESC:Allies' natural weapons become good, evil, lawful, or chaotic.									SOURCELONG:Miniature's Handbook	SOURCESHORT:minihb	SOURCEPAGE:Miniatures Handbook, Pg.33
Align Weapon (Legion's)				OUTPUTNAME:Legion's Align Weapon			CLASSES:Cleric=4							SCHOOL:Transmutation										VARIANTS:Good|Evil|Lawful|Chaotic	TYPE:Divine			COMPS:V, S, DF	CASTTIME:1 standard action	RANGE:Medium			TARGETAREA:Allies in a 20'-radius burst				DURATION:(CASTERLEVEL) mins		SAVEINFO:Will negates (harmless, object)	SPELLRES:Yes (harmless, object)	DESC:Allies' weapons become good, evil, lawful, or chaotic.											SOURCELONG:Miniature's Handbook	SOURCESHORT:minihb	SOURCEPAGE:Miniatures Handbook, Pg.33
Angelskin														CLASSES:Paladin=3							SCHOOL:Abjuration						DESCRIPTOR:Good									TYPE:Divine			COMPS:V, S, DF	CASTTIME:1 standard action	RANGE:Touch		ITEM:Potion	TARGETAREA:Lawful Good creature touched				DURATION:(CASTERLEVEL) rounds		SAVEINFO:Will negates (harmless)		SPELLRES:Yes (harmless)			DESC:Target gains DR 10/evil and silver.														SOURCELONG:Miniature's Handbook	SOURCESHORT:minihb	SOURCEPAGE:Miniatures Handbook, Pg.33
Arc of Lightning													CLASSES:Druid=4|Sorcerer,Wizard,Warmage=5			SCHOOL:Conjuration	SUBSCHOOL:Creation	DESCRIPTOR:Electricity								TYPE:Arcane.Divine	COMPS:V, S, M/DF	CASTTIME:1 standard action	RANGE:Close				TARGETAREA:A line between two creatures				DURATION:Instantaneous			SAVEINFO:Reflex half				SPELLRES:No					DESC:Line of electrcity between any two creatures does (min((CASTERLEVEL),15))d6 damage.						SOURCELONG:Miniature's Handbook	SOURCESHORT:minihb	SOURCEPAGE:Miniatures Handbook, Pg.33
Baleful Transposition												CLASSES:Sorcerer,Wizard=2					SCHOOL:Conjuration	SUBSCHOOL:Teleportation												TYPE:Arcane			COMPS:V		CASTTIME:1 standard action	RANGE:Close		ITEM:Potion	TARGETAREA:Two creatures of up to large size			DURATION:Instantaneous			SAVEINFO:Will negates				SPELLRES:Yes				DESC:Two creatures switch places.															SOURCELONG:Miniature's Handbook	SOURCESHORT:minihb	SOURCEPAGE:Miniatures Handbook, Pg.34
Benign Transposition												CLASSES:Sorcerer,Wizard=1					SCHOOL:Conjuration	SUBSCHOOL:Teleportation												TYPE:Arcane			COMPS:V		CASTTIME:1 standard action	RANGE:Close		ITEM:Potion	TARGETAREA:Two willing creatures of up to large size		DURATION:Instantaneous			SAVEINFO:None					SPELLRES:Yes				DESC:Two willing creatures switch places.														SOURCELONG:Miniature's Handbook	SOURCESHORT:minihb	SOURCEPAGE:Miniatures Handbook, Pg.34
Bigby's Slapping Hand												CLASSES:Sorcerer,Wizard=2					SCHOOL:Evocation						DESCRIPTOR:Force									TYPE:Arcane			COMPS:V, S, F	CASTTIME:1 standard action	RANGE:Medium	ITEM:Potion	TARGETAREA:One tiny hand						DURATION:Instantaneous			SAVEINFO:None (see text)			SPELLRES:Yes				DESC:Hand makes creature provide attacks of opportunity.											SOURCELONG:Miniature's Handbook	SOURCESHORT:minihb	SOURCEPAGE:Miniatures Handbook, Pg.34
Blades of Fire													CLASSES:Ranger,Sorcerer,Wizard,Warmage=2			SCHOOL:Conjuration					DESCRIPTOR:Fire									TYPE:Arcane.Divine	COMPS:V		CASTTIME:1 swift action		RANGE:Touch				TARGETAREA:Up to two weapons you are wielding			DURATION:1 round				SAVEINFO:None					SPELLRES:No					DESC:Your melee weapons deal +1d6 fire damage for 1 round.											SOURCELONG:Miniature's Handbook	SOURCESHORT:minihb	SOURCEPAGE:Miniatures Handbook, Pg.34
Blast of Flame													CLASSES:Sorcerer,Wizard,Warmage=4				SCHOOL:Conjuration	SUBSCHOOL:Creation	DESCRIPTOR:Fire									TYPE:Arcane			COMPS:V, S, M	CASTTIME:1 standard action	RANGE:60 feet			TARGETAREA:Cone shaped burst						DURATION:Instantaneous			SAVEINFO:Reflex half				SPELLRES:No					DESC:60-foot cone of fire does 1d6x(min((CASTERLEVEL),10)) damage.										SOURCELONG:Miniature's Handbook	SOURCESHORT:minihb	SOURCEPAGE:Miniatures Handbook, Pg.34
Bless Weapon (Swift)				OUTPUTNAME:Swift Bless Weapon				CLASSES:Paladin=1							SCHOOL:Transmutation																TYPE:Divine			COMPS:V		CASTTIME:1 swift action		RANGE:Touch				TARGETAREA:Weapon touched						DURATION:1 round				SAVEINFO:None					SPELLRES:No					DESC:Weapon strikes true against evil foes for one round.											SOURCELONG:Miniature's Handbook	SOURCESHORT:minihb	SOURCEPAGE:Miniatures Handbook, Pg.34
Close Wounds													CLASSES:Cleric,Healer=3						SCHOOL:Conjuration	SUBSCHOOL:Healing													TYPE:Divine			COMPS:V		CASTTIME:1 swift action		RANGE:Close				TARGETAREA:One Creature							DURATION:Instantaneous			SAVEINFO:Will half (see text)			SPELLRES:Yes (harmless)			DESC:Cure 2d4 damage, even on another's turn.													SOURCELONG:Miniature's Handbook	SOURCESHORT:minihb	SOURCEPAGE:Miniatures Handbook, Pg.34
Cold Orb (Lesser)					OUTPUTNAME:Lesser Cold Orb				CLASSES:Sorcerer,Wizard,Warmage=1				SCHOOL:Conjuration	SUBSCHOOL:Creation	DESCRIPTOR:Cold									TYPE:Arcane			COMPS:V, S		CASTTIME:1 standard action	RANGE:Close		ITEM:Potion	TARGETAREA:One orb of cold						DURATION:Instantaneous			SAVEINFO:None					SPELLRES:No					DESC:Ranged Touch, (min(((CASTERLEVEL+1)/2),5))d8 cold damage.											SOURCELONG:Miniature's Handbook	SOURCESHORT:minihb	SOURCEPAGE:Miniatures Handbook, Pg.34
Conviction														CLASSES:Cleric=1							SCHOOL:Abjuration																	TYPE:Divine			COMPS:V, S, M	CASTTIME:1 standard action	RANGE:Touch		ITEM:Potion	TARGETAREA:Creature touched						DURATION:(CASTERLEVEL) mins		SAVEINFO:Will negates (harmless)		SPELLRES:Yes (harmless)			DESC:Target gains +2 or higher save bonus.													SOURCELONG:Miniature's Handbook	SOURCESHORT:minihb	SOURCEPAGE:Miniatures Handbook, Pg.34
Conviction (Legion's)				OUTPUTNAME:Legion's Conviction			CLASSES:Cleric=3							SCHOOL:Abjuration																	TYPE:Divine			COMPS:V, S, M	CASTTIME:1 standard action	RANGE:Medium	ITEM:Potion	TARGETAREA:Allies in a 20'-radius burst				DURATION:(CASTERLEVEL) mins		SAVEINFO:Will negates (harmless)		SPELLRES:Yes (harmless)			DESC:Allies gain +2 or higher save bonus.														SOURCELONG:Miniature's Handbook	SOURCESHORT:minihb	SOURCEPAGE:Miniatures Handbook, Pg.34
Curse of Impending Blades											CLASSES:Bard,Ranger,Sorcerer,Wizard=2			SCHOOL:Necromancy																	TYPE:Arcane.Divine	COMPS:V, S, M/DF	CASTTIME:1 standard action	RANGE:Medium	ITEM:Potion	TARGETAREA:One creature							DURATION:(CASTERLEVEL) mins		SAVEINFO:None					SPELLRES:Yes				DESC:Target takes -2 penalty to AC															SOURCELONG:Miniature's Handbook	SOURCESHORT:minihb	SOURCEPAGE:Miniatures Handbook, Pg.34
Curse of Impending Blades (Legion's)	OUTPUTNAME:Legion's Curse of Impending Blades	CLASSES:Bard,Ranger,Sorcerer,Wizard=3			SCHOOL:Necromancy																	TYPE:Arcane.Divine	COMPS:V, S, M/DF	CASTTIME:1 standard action	RANGE:Medium	ITEM:Potion	TARGETAREA:Enemies in a 20'-radius burst				DURATION:(CASTERLEVEL) mins		SAVEINFO:None					SPELLRES:Yes				DESC:Targets take -2 penalty to AC															SOURCELONG:Miniature's Handbook	SOURCESHORT:minihb	SOURCEPAGE:Miniatures Handbook, Pg.35
Curse of Petty Failing												CLASSES:Cleric=3							SCHOOL:Necromancy																	TYPE:Divine			COMPS:V, S, DF	CASTTIME:1 standard action	RANGE:Close		ITEM:Potion	TARGETAREA:One creature							DURATION:(CASTERLEVEL) mins		SAVEINFO:None					SPELLRES:Yes				DESC:Target takes -2 penalty to attack rolls and saves											SOURCELONG:Miniature's Handbook	SOURCESHORT:minihb	SOURCEPAGE:Miniatures Handbook, Pg.35
Curse of Petty Failing (Legion's)		OUTPUTNAME:Legion's Curse of Petty Failing	CLASSES:Cleric=5							SCHOOL:Necromancy																	TYPE:Divine			COMPS:V, S, DF	CASTTIME:1 standard action	RANGE:Medium			TARGETAREA:Enemies in a 20'-radius burst				DURATION:(CASTERLEVEL) mins		SAVEINFO:None					SPELLRES:Yes				DESC:Targets take -2 penalty to attack rolls and saves											SOURCELONG:Miniature's Handbook	SOURCESHORT:minihb	SOURCEPAGE:Miniatures Handbook, Pg.35
Delay Death														CLASSES:Cleric=3							SCHOOL:Necromancy																	TYPE:Divine			COMPS:V, S, DF	CASTTIME:1 standard action	RANGE:Touch		ITEM:Potion	TARGETAREA:Living creature touched					DURATION:(CASTERLEVEL) rounds		SAVEINFO:Will negates (harmless)		SPELLRES:Yes (harmless)			DESC:Losing hit points doesn't kill subject													SOURCELONG:Miniature's Handbook	SOURCESHORT:minihb	SOURCEPAGE:Miniatures Handbook, Pg.35
Demonhide														CLASSES:Blackguard=3						SCHOOL:Abjuration						DESCRIPTOR:Evil									TYPE:Divine			COMPS:V, S, DF	CASTTIME:1 standard action	RANGE:Touch		ITEM:Potion	TARGETAREA:Evil creature touched					DURATION:(CASTERLEVEL) rounds		SAVEINFO:Will negates (harmless)		SPELLRES:Yes (harmless)			DESC:Target gains DR 10/good and cold iron.													SOURCELONG:Miniature's Handbook	SOURCESHORT:minihb	SOURCEPAGE:Miniatures Handbook, Pg.35
Divine Protection													CLASSES:Cleric,Paladin=2					SCHOOL:Enchantment	SUBSCHOOL:Compulsion	DESCRIPTOR:Mind-Affecting							TYPE:Divine			COMPS:V, S, DF	CASTTIME:1 standard action	RANGE:Medium	ITEM:Potion	TARGETAREA:Allies in a 20'-radius burst				DURATION:(CASTERLEVEL) mins		SAVEINFO:Will negates (harmless)		SPELLRES:Yes (harmless)			DESC:Allies gain +1 morale bonus on AC abd saves.												SOURCELONG:Miniature's Handbook	SOURCESHORT:minihb	SOURCEPAGE:Miniatures Handbook, Pg.35
Electric Orb (Lesser)				OUTPUTNAME:Lesser Electric Orb			CLASSES:Sorcerer,Wizard,Warmage=1				SCHOOL:Conjuration	SUBSCHOOL:Creation	DESCRIPTOR:Electricity								TYPE:Arcane			COMPS:V, S		CASTTIME:1 standard action	RANGE:Close		ITEM:Potion	TARGETAREA:One orb of electricity					DURATION:Instantaneous			SAVEINFO:None					SPELLRES:No					DESC:Ranged Touch, (min(((CASTERLEVEL+1)/2),5))d8 electrical damage.										SOURCELONG:Miniature's Handbook	SOURCESHORT:minihb	SOURCEPAGE:Miniatures Handbook, Pg.35
Expeditious Retreat (Swift)			OUTPUTNAME:Swift Expeditious Retreat		CLASSES:Bard=1							SCHOOL:Transmutation																TYPE:Arcane			COMPS:V		CASTTIME:1 swift action		RANGE:Personal			TARGETAREA:You								DURATION:1 round				SAVEINFO:None					SPELLRES:No					DESC:Your speed increases by 30 ft.															SOURCELONG:Miniature's Handbook	SOURCESHORT:minihb	SOURCEPAGE:Miniatures Handbook, Pg.35
Favorable Sacrifice												CLASSES:Cleric=1							SCHOOL:Abjuration																	TYPE:Divine			COMPS:V, S, M	CASTTIME:1 srandard action	RANGE:Touch		ITEM:Potion	TARGETAREA:Creature touched						DURATION:(CASTERLEVEL) hours		SAVEINFO:Will negates (harmless)		SPELLRES:Yes (harmless)			DESC:Subject gains better protection the more gems you sacrifice.										SOURCELONG:Miniature's Handbook	SOURCESHORT:minihb	SOURCEPAGE:Miniatures Handbook, Pg.35
Fire Orb (Lesser)					OUTPUTNAME:Lesser Fire Orb				CLASSES:Sorcerer,Wizard,Warmage=1				SCHOOL:Conjuration	SUBSCHOOL:Creation	DESCRIPTOR:Fire									TYPE:Arcane			COMPS:V, S		CASTTIME:1 standard action	RANGE:Close		ITEM:Potion	TARGETAREA:One orb of fire						DURATION:Instantaneous			SAVEINFO:None					SPELLRES:No					DESC:Ranged Touch, (min(((CASTERLEVEL+1)/2),5))d8 fire damage.											SOURCELONG:Miniature's Handbook	SOURCESHORT:minihb	SOURCEPAGE:Miniatures Handbook, Pg.36
Fire Shield (Legion's)				OUTPUTNAME:Legion's Fire Shield			CLASSES:Sorcerer,Wizard=5					SCHOOL:Evocation											VARIANTS:Warm Shield|Chill Shield	TYPE:Arcane			COMPS:V, S, M	CASTTIME:1 standard action	RANGE:Medium			TARGETAREA:Allies in a 20'-radius burst				DURATION:(CASTERLEVEL) rounds [D]	SAVEINFO:None					SPELLRES:No					DESC:Creatures attacking targets take fire damage; targets are protected from heat or cold.					SOURCELONG:Miniature's Handbook	SOURCESHORT:minihb	SOURCEPAGE:Miniatures Handbook, Pg.36
Fireburst														CLASSES:Sorcerer,Wizard,Warmage=2				SCHOOL:Evocation						DESCRIPTOR:Fire									TYPE:Arcane			COMPS:V, S, M	CASTTIME:1 standard action	RANGE:5 feet	ITEM:Potion	TARGETAREA:Burst of fire extending 5 feet from caster		DURATION:Instantaneous			SAVEINFO:Reflex half				SPELLRES:Yes				DESC:Targets take (min((CASTERLEVEL),5))d8 fire damage.												SOURCELONG:Miniature's Handbook	SOURCESHORT:minihb	SOURCEPAGE:Miniatures Handbook, Pg.36
Fireburst (Greater)				OUTPUTNAME:Greater Fireburst				CLASSES:Sorcerer,Wizard,Warmage=5				SCHOOL:Evocation						DESCRIPTOR:Fire									TYPE:Arcane			COMPS:V, S, M	CASTTIME:1 standard action	RANGE:10 feet	ITEM:Potion	TARGETAREA:Burst of fire extending 10 feet from caster	DURATION:Instantaneous			SAVEINFO:Reflex half				SPELLRES:Yes				DESC:Targets take (min((CASTERLEVEL),15))d8 fire damage.												SOURCELONG:Miniature's Handbook	SOURCESHORT:minihb	SOURCEPAGE:Miniatures Handbook, Pg.36
Fly (Swift)						OUTPUTNAME:Swift Fly					CLASSES:Bard=2|Druid=3						SCHOOL:Transmutation																TYPE:Arcane.Divine	COMPS:V		CASTTIME:1 swift action		RANGE:Personal			TARGETAREA:You								DURATION:1 round				SAVEINFO:None					SPELLRES:None				DESC:Subject flies at speed of 60 ft.														SOURCELONG:Miniature's Handbook	SOURCESHORT:minihb	SOURCEPAGE:Miniatures Handbook, Pg.36
Guided Arrow													CLASSES:Ranger=1							SCHOOL:Divination																	TYPE:Divine			COMPS:V		CASTTIME:1 swift action		RANGE:Personal			TARGETAREA:You								DURATION:1 round				SAVEINFO:None					SPELLRES:None				DESC:Ranged attack targets don't get cover for 1 round.											SOURCELONG:Miniature's Handbook	SOURCESHORT:minihb	SOURCEPAGE:Miniatures Handbook, Pg.36
Guiding Light													CLASSES:Cleric,Sorcerer,Wizard=1				SCHOOL:Evocation						DESCRIPTOR:Light									TYPE:Arcane.Divine	COMPS:V, S		CASTTIME:1 standard action	RANGE:Long		ITEM:Potion	TARGETAREA:Creatures in a 5'-radius burst				DURATION:(CASTERLEVEL) mins		SAVEINFO:None					SPELLRES:Yes				DESC:+1 on ranged attacks against targets in illuminated area.										SOURCELONG:Miniature's Handbook	SOURCESHORT:minihb	SOURCEPAGE:Miniatures Handbook, Pg.36
Haste (Swift)					OUTPUTNAME:Swift Haste					CLASSES:Ranger=2							SCHOOL:Transmutation																TYPE:Divine			COMPS:V		CASTTIME:1 swift action		RANGE:Personal			TARGETAREA:You								DURATION:1 round				SAVEINFO:None					SPELLRES:None				DESC:You move faster, +1 on attack rolls, AC, and Reflex saves.										SOURCELONG:Miniature's Handbook	SOURCESHORT:minihb	SOURCEPAGE:Miniatures Handbook, Pg.36
Holy Spurs														CLASSES:Paladin=2							SCHOOL:Transmutation																TYPE:Divine			COMPS:V		CASTTIME:1 swift action		RANGE:Close				TARGETAREA:Your special mount						DURATION:1 round				SAVEINFO:None					SPELLRES:No					DESC:Your special mount's land movement improves by 40' for one round.									SOURCELONG:Miniature's Handbook	SOURCESHORT:minihb	SOURCEPAGE:Miniatures Handbook, Pg.36
Incite														CLASSES:Bard,Cleric,Sorcerer,Wizard=1			SCHOOL:Enchantment	SUBSCHOOL:Compulsion	DESCRIPTOR:Mind-Affecting							TYPE:Arcane.Divine	COMPS:V, S		CASTTIME:1 standard action	RANGE:Close		ITEM:Potion	TARGETAREA:One Creature							DURATION:(CASTERLEVEL) mins		SAVEINFO:Will negates				SPELLRES:Yes				DESC:Target cannot ready actions or delay.													SOURCELONG:Miniature's Handbook	SOURCESHORT:minihb	SOURCEPAGE:Miniatures Handbook, Pg.36
Inhibit														CLASSES:Bard,Cleric,Sorcerer,Wizard=1			SCHOOL:Enchantment	SUBSCHOOL:Compulsion	DESCRIPTOR:Mind-Affecting							TYPE:Arcane.Divine	COMPS:V, S		CASTTIME:1 standard action	RANGE:Close		ITEM:Potion	TARGETAREA:One Creature							DURATION:Instantaneous			SAVEINFO:Will negates				SPELLRES:Yes				DESC:Target must delay until next round.														SOURCELONG:Miniature's Handbook	SOURCESHORT:minihb	SOURCEPAGE:Miniatures Handbook, Pg.36
Invisibility (Swift)				OUTPUTNAME:Swift Invisibility				CLASSES:Assassin,Bard=2						SCHOOL:Illusion		SUBSCHOOL:Glamer													TYPE:Arcane			COMPS:V		CASTTIME:1 swift action		RANGE:Personal			TARGETAREA:You								DURATION:1 round				SAVEINFO:Will negates (harmless)		SPELLRES:Yes (harmless)			DESC:Subject is invisible for 1 round or until it attacks.											SOURCELONG:Miniature's Handbook	SOURCESHORT:minihb	SOURCEPAGE:Miniatures Handbook, Pg.36
Lightfoot														CLASSES:Assassin,Ranger=1					SCHOOL:Transmutation																TYPE:Arcane.Divine	COMPS:V		CASTTIME:1 swift action		RANGE:Personal			TARGETAREA:You								DURATION:1 round				SAVEINFO:None					SPELLRES:No					DESC:You provoke no attacks of opportunity for movement for one round.									SOURCELONG:Miniature's Handbook	SOURCESHORT:minihb	SOURCEPAGE:Miniatures Handbook, Pg.37
Lionheart														CLASSES:Paladin=1							SCHOOL:Abjuration						DESCRIPTOR:Mind-Affecting							TYPE:Divine			COMPS:V, S, M	CASTTIME:1 standard action	RANGE:Touch		ITEM:Potion	TARGETAREA:One Creature							DURATION:(CASTERLEVEL) rounds		SAVEINFO:Will negates (harmless)		SPELLRES:Yes (harmless)			DESC:Target is immune to fear effects.														SOURCELONG:Miniature's Handbook	SOURCESHORT:minihb	SOURCEPAGE:Miniatures Handbook, Pg.37
Lion's Charge													CLASSES:Druid=3|Ranger=4					SCHOOL:Transmutation																TYPE:Divine			COMPS:V		CASTTIME:1 swift action		RANGE:Touch				TARGETAREA:Creature touched						DURATION:1 round				SAVEINFO:Will negates (harmless)		SPELLRES:Yes (harmless)			DESC:arget gains pounce ability for one round.													SOURCELONG:Miniature's Handbook	SOURCESHORT:minihb	SOURCEPAGE:Miniatures Handbook, Pg.37
Living Undeath													CLASSES:Cleric=2							SCHOOL:Necromancy																	TYPE:Divine			COMPS:V, S, DF	CASTTIME:1 standard action	RANGE:Touch		ITEM:Potion	TARGETAREA:Creature touched						DURATION:(CASTERLEVEL) mins		SAVEINFO:Fort negates (harmless)		SPELLRES:Yes (harmless)			DESC:Target becomes immune to critical hits and sneak attack.										SOURCELONG:Miniature's Handbook	SOURCESHORT:minihb	SOURCEPAGE:Miniatures Handbook, Pg.37
Mordenkainen's Buzzing Bee											CLASSES:Sorcerer,Wizard=1					SCHOOL:Conjuration	SUBSCHOOL:Creation												TYPE:Arcane			COMPS:V, S, M	CASTTIME:1 standard action	RANGE:Medium	ITEM:Potion	TARGETAREA:A phantom bee						DURATION:(CASTERLEVEL) mins		SAVEINFO:None					SPELLRES:No					DESC:Bee gives target a -10 penalty on Move Silently and Concentration checks.							SOURCELONG:Miniature's Handbook	SOURCESHORT:minihb	SOURCEPAGE:Miniatures Handbook, Pg.37
Panacea														CLASSES:Cleric,Healer=4|Druid=5				SCHOOL:Conjuration	SUBSCHOOL:Healing													TYPE:Divine			COMPS:V, S		CASTTIME:1 standard action	RANGE:Touch				TARGETAREA:Creature touched						DURATION:Instantaneous			SAVEINFO:Will half (harmless) (see text)	SPELLRES:Yes (harmless)			DESC:Removes most afflictions and cures 1d8+(min(CASTERLEVEL,20)) damage.								SOURCELONG:Miniature's Handbook	SOURCESHORT:minihb	SOURCEPAGE:Miniatures Handbook, Pg.37
Quick March														CLASSES:Cleric,Paladin=2					SCHOOL:Transmutation																TYPE:Divine			COMPS:V, S, DF	CASTTIME:1 standard action	RANGE:Medium	ITEM:Potion	TARGETAREA:Allies in a 20'-radius burst				DURATION:1 round				SAVEINFO:Will negates (harmless)		SPELLRES:Yes (harmless)			DESC:Allies speed increases by 30' for 1 round.													SOURCELONG:Miniature's Handbook	SOURCESHORT:minihb	SOURCEPAGE:Miniatures Handbook, Pg.37
Repair Critical Damage												CLASSES:Sorcerer,Wizard=4					SCHOOL:Transmutation																TYPE:Arcane			COMPS:V, S		CASTTIME:1 standard action	RANGE:Touch				TARGETAREA:Construct touched						DURATION:Instantaneous			SAVEINFO:None					SPELLRES:Yes (harmless)			DESC:Repairs 4d8+(min((CASTERLEVEL),20)) damage to target construct.										SOURCELONG:Miniature's Handbook	SOURCESHORT:minihb	SOURCEPAGE:Miniatures Handbook, Pg.38
Repair Light Damage												CLASSES:Sorcerer,Wizard=1					SCHOOL:Transmutation																TYPE:Arcane			COMPS:V, S		CASTTIME:1 standard action	RANGE:Touch		ITEM:Potion	TARGETAREA:Construct touched						DURATION:Instantaneous			SAVEINFO:None					SPELLRES:Yes (harmless)			DESC:Repairs 1d8+(min((CASTERLEVEL),20)) damage to target construct.										SOURCELONG:Miniature's Handbook	SOURCESHORT:minihb	SOURCEPAGE:Miniatures Handbook, Pg.38
Repair Minor Damage												CLASSES:Sorcerer,Wizard=0					SCHOOL:Transmutation																TYPE:Arcane			COMPS:V, S		CASTTIME:1 standard action	RANGE:Touch		ITEM:Potion	TARGETAREA:Construct touched						DURATION:Instantaneous			SAVEINFO:None					SPELLRES:Yes (harmless)			DESC:Repairs 1 damage to target construct.													SOURCELONG:Miniature's Handbook	SOURCESHORT:minihb	SOURCEPAGE:Miniatures Handbook, Pg.38
Repair Moderate Damage												CLASSES:Sorcerer,Wizard=2					SCHOOL:Transmutation																TYPE:Arcane			COMPS:V, S		CASTTIME:1 standard action	RANGE:Touch		ITEM:Potion	TARGETAREA:Construct touched						DURATION:Instantaneous			SAVEINFO:None					SPELLRES:Yes (harmless)			DESC:Repairs 2d8+(min((CASTERLEVEL),20)) damage to target construct.										SOURCELONG:Miniature's Handbook	SOURCESHORT:minihb	SOURCEPAGE:Miniatures Handbook, Pg.38
Repair Serious Damage												CLASSES:Sorcerer,Wizard=3					SCHOOL:Transmutation																TYPE:Arcane			COMPS:V, S		CASTTIME:1 standard action	RANGE:Touch		ITEM:Potion	TARGETAREA:Construct touched						DURATION:Instantaneous			SAVEINFO:None					SPELLRES:Yes (harmless)			DESC:Repairs 3d8+(min((CASTERLEVEL),20)) damage to target construct.										SOURCELONG:Miniature's Handbook	SOURCESHORT:minihb	SOURCEPAGE:Miniatures Handbook, Pg.38
Revivify														CLASSES:Cleric,Healer=5						SCHOOL:Conjuration	SUBSCHOOL:Healing													TYPE:Divine			COMPS:V, S, M	CASTTIME:1 standard action	RANGE:Touch				TARGETAREA:Dead creature touched					DURATION:Instantaneous			SAVEINFO:None (see text)			SPELLRES:Yes (harmless)			DESC:Restore recently dead to life with no level loss.											SOURCELONG:Miniature's Handbook	SOURCESHORT:minihb	SOURCEPAGE:Miniatures Handbook, Pg.38
Righteous Aura													CLASSES:Paladin=4							SCHOOL:Abjuration						DESCRIPTOR:Good,Light								TYPE:Divine			COMPS:V, S, DF	CASTTIME:1 standard action	RANGE:Personal			TARGETAREA:You								DURATION:(CASTERLEVEL) hours		SAVEINFO:None					SPELLRES:No					DESC:You detonate on death, healing allies and damaging others for (min(((CASTERLEVEL)*2),20))d6 points.				SOURCELONG:Miniature's Handbook	SOURCESHORT:minihb	SOURCEPAGE:Miniatures Handbook, Pg.38
Righteous Fury													CLASSES:Paladin=2							SCHOOL:Evocation						DESCRIPTOR:Good									TYPE:Divine			COMPS:V, S		CASTTIME:1 standard action	RANGE:Touch		ITEM:Potion	TARGETAREA:Creature touched						DURATION:(CASTERLEVEL) rounds		SAVEINFO:Will negates (harmless)		SPELLRES:Yes (harmless)			DESC:Target deals double damage on charges.													SOURCELONG:Miniature's Handbook	SOURCESHORT:minihb	SOURCEPAGE:Miniatures Handbook, Pg.38
Ring of Blades													CLASSES:Cleric,Warmage=3					SCHOOL:Conjuration																TYPE:Arcane.Divine	COMPS:V, S, M	CASTTIME:1 standard action	RANGE:Personal	ITEM:Potion	TARGETAREA:You								DURATION:(CASTERLEVEL) mins		SAVEINFO:None					SPELLRES:No					DESC:Blades surround you, damaging other creatures for 1d6+(min((CASTERLEVEL),10)).							SOURCELONG:Miniature's Handbook	SOURCESHORT:minihb	SOURCEPAGE:Miniatures Handbook, Pg.38
Shield of Faith (Legion's)			OUTPUTNAME:Legion's Shield of Faith			CLASSES:Cleric=4							SCHOOL:Abjuration																	TYPE:Divine			COMPS:V, S, M	CASTTIME:1 standard action	RANGE:Medium			TARGETAREA:Allies in a 20'-radius burst				DURATION:(CASTERLEVEL) mins		SAVEINFO:Will negates (harmless)		SPELLRES:Yes (harmless)			DESC:Aura grants allies +2 or higher deflection bonus.											SOURCELONG:Miniature's Handbook	SOURCESHORT:minihb	SOURCEPAGE:Miniatures Handbook, Pg.39
Sign															CLASSES:Cleric=1							SCHOOL:Enchantment	SUBSCHOOL:Compulsion	DESCRIPTOR:Mind-Affecting							TYPE:Divine			COMPS:V, S, M	CASTTIME:1 standard action	RANGE:Personal	ITEM:Potion	TARGETAREA:You								DURATION:(CASTERLEVEL) mins		SAVEINFO:None					SPELLRES:No					DESC:You initiative improves, and you know enemies initiatives.										SOURCELONG:Miniature's Handbook	SOURCESHORT:minihb	SOURCEPAGE:Miniatures Handbook, Pg.39
Slashing Darkness													CLASSES:Cleric=3							SCHOOL:Evocation						DESCRIPTOR:Fire									TYPE:Divine			COMPS:V, S		CASTTIME:1 standard action	RANGE:Medium	ITEM:Potion	TARGETAREA:Ray								DURATION:Instantaneous			SAVEINFO:None					SPELLRES:Yes				DESC:Ray deals (min((CASTERLEVEL/2),5))d8.													SOURCELONG:Miniature's Handbook	SOURCESHORT:minihb	SOURCEPAGE:Miniatures Handbook, Pg.39
Slide															CLASSES:Sorcerer,Wizard=1					SCHOOL:Transmutation																TYPE:Arcane			COMPS:V		CASTTIME:1 standard action	RANGE:Close		ITEM:Potion	TARGETAREA:One creature							DURATION:Instantaneous			SAVEINFO:Will negates				SPELLRES:Yes				DESC:Target moves 5 feet.																SOURCELONG:Miniature's Handbook	SOURCESHORT:minihb	SOURCEPAGE:Miniatures Handbook, Pg.39
Slide (Greater)					OUTPUTNAME:Greater Slide				CLASSES:Sorcerer,Wizard=2					SCHOOL:Transmutation																TYPE:Arcane			COMPS:V		CASTTIME:1 standard action	RANGE:Medium	ITEM:Potion	TARGETAREA:One creature							DURATION:Instantaneous			SAVEINFO:Will negates				SPELLRES:Yes				DESC:Target moves up to 20 feet.															SOURCELONG:Miniature's Handbook	SOURCESHORT:minihb	SOURCEPAGE:Miniatures Handbook, Pg.39
Snake's Swiftness													CLASSES:Druid=1|Sorcerer,Wizard=2				SCHOOL:Transmutation																TYPE:Arcane.Divine	COMPS:V, S, M/DF	CASTTIME:1 standard action	RANGE:Close		ITEM:Potion	TARGETAREA:One creature							DURATION:Instantaneous			SAVEINFO:Will negates (harmless)		SPELLRES:Yes (harmless)			DESC:Target immediately makes one attack.														SOURCELONG:Miniature's Handbook	SOURCESHORT:minihb	SOURCEPAGE:Miniatures Handbook, Pg.39
Snake's Swiftness (Legion's)			OUTPUTNAME:Legion's Snake's Swiftness		CLASSES:Druid=2|Sorcerer,Wizard=3				SCHOOL:Transmutation																TYPE:Arcane.Divine	COMPS:V, S, M/DF	CASTTIME:1 standard action	RANGE:Medium	ITEM:Potion	TARGETAREA:Allies in a 20'-radius burst				DURATION:Instantaneous			SAVEINFO:Will negates (harmless)		SPELLRES:Yes (harmless)			DESC:Allies immediately makes one attack.														SOURCELONG:Miniature's Handbook	SOURCESHORT:minihb	SOURCEPAGE:Miniatures Handbook, Pg.39
Sonic Orb (Lesser)				OUTPUTNAME:Lesser Sonic Orb				CLASSES:Sorcerer,Wizard,Warmage=1				SCHOOL:Conjuration	SUBSCHOOL:Creation	DESCRIPTOR:Sonic									TYPE:Arcane			COMPS:V, S		CASTTIME:1 standard action	RANGE:Close		ITEM:Potion	TARGETAREA:One orb of sonic energy					DURATION:Instantaneous			SAVEINFO:None					SPELLRES:No					DESC:Ranged Touch, (min(((CASTERLEVEL+1)/2),5))d8 sonic damage.										SOURCELONG:Miniature's Handbook	SOURCESHORT:minihb	SOURCEPAGE:Miniatures Handbook, Pg.39
Tiger's Touch													CLASSES:Druid=2							SCHOOL:Transmutation																TYPE:Divine			COMPS:V		CASTTIME:1 swift action		RANGE:Personal			TARGETAREA:You								DURATION:1 round				SAVEINFO:None					SPELLRES:No					DESC:One natural weapon of subject creature gets +(min((CASTERLEVEL/3),5)) on attack and damage rolls for 1 round.		SOURCELONG:Miniature's Handbook	SOURCESHORT:minihb	SOURCEPAGE:Miniatures Handbook, Pg.40
Undeniable Gravity												CLASSES:Bard,Sorcerer,Wizard=2				SCHOOL:Transmutation																TYPE:Arcane			COMPS:V, S, M	CASTTIME:1 standard action	RANGE:Long		ITEM:Potion	TARGETAREA:One flying creature					DURATION:(CASTERLEVEL) mins		SAVEINFO:Will negates				SPELLRES:Yes				DESC:Flying creature loses flying ability.													SOURCELONG:Miniature's Handbook	SOURCESHORT:minihb	SOURCEPAGE:Miniatures Handbook, Pg.40
Undeniable Gravity (Legion's)			OUTPUTNAME:Legion's Undeniable Gravity		CLASSES:Bard,Sorcerer,Wizard=2				SCHOOL:Transmutation																TYPE:Arcane			COMPS:V, S, M	CASTTIME:1 standard action	RANGE:Long				TARGETAREA:Creatures in a 20'-radius burst			DURATION:(CASTERLEVEL) mins		SAVEINFO:Will negates				SPELLRES:Yes				DESC:Flying creatures lose flying ability.													SOURCELONG:Miniature's Handbook	SOURCESHORT:minihb	SOURCEPAGE:Miniatures Handbook, Pg.40
Veil of Shadow													CLASSES:Assassin,Blackguard,Cleric,Sorcerer,Wizard=2	SCHOOL:Evocation						DESCRIPTOR:Darkness								TYPE:Arcane.Divine	COMPS:V, S		CASTTIME:1 standard action	RANGE:Personal	ITEM:Potion	TARGETAREA:You								DURATION:(CASTERLEVEL) rounds		SAVEINFO:None					SPELLRES:No					DESC:Darkness grants you concealment.														SOURCELONG:Miniature's Handbook	SOURCESHORT:minihb	SOURCEPAGE:Miniatures Handbook, Pg.40
