# CVS $Revision: 1.1 $ $Author: chrisc $ -- Fri May  8 08:59:10 2009 -- reformated by prettylst.pl v1.39 (build 8180)
# Modifier Name	Unique Key				Type					Plus		Cost				Visible		Type granted											Source, Long Desc.		Source, Short Desc.	Source Page		Multiple Requirements						Required Type		Bonus to skill				Modify VAR							Bonus Equipment Modifiers				Modify the item cost			Special Property		Virtual Feat					Apply to both heads	Define		Bonus to spell attribute
Abyssal Bloodiron	KEY:AMMO_ABYSSAL_BLOOD_IRON	TYPE:BaseMaterial.Ammunition			COST:BASECOST+10000	VISIBLE:QUALIFY	ITYPE:Metal.AbyssalIron										SOURCELONG:Planar Handbook	SOURCESHORT:plnrhb	SOURCEPAGE:p.69										PRETYPE:1,Ammunition																													SPROP:Abyssal Bloodiron
Abyssal Bloodiron	KEY:WEAP_ABYSSAL_BLOOD_IRON	TYPE:BaseMaterial.Weapon			COST:BASECOST+10000	VISIBLE:QUALIFY	ITYPE:Metal.AbyssalIron										SOURCELONG:Planar Handbook	SOURCESHORT:plnrhb	SOURCEPAGE:p.69										PRETYPE:1,Weapon																														SPROP:Abyssal Bloodiron								ASSIGNTOALL:YES
Astral Driftmetal	KEY:ARMR_ASTL_DRFT_MTL		TYPE:BaseMaterial.Armor				COST:BASECOST+12000	VISIBLE:QUALIFY	ITYPE:Metal.AstralDriftmetal									SOURCELONG:Planar Handbook	SOURCESHORT:plnrhb	SOURCEPAGE:p.70										PRETYPE:1,Armor																BONUS:EQM|WEIGHTADD|5|TYPE=Enhancement.REPLACE	BONUS:ITEMCOST|TYPE.Armor|1000	SPROP:Astral Driftmetal
Fireproof		KEY:GOOD_FIRE_PROOF		TYPE:Goods						COST:BASECOST+50		VISIBLE:QUALIFY	ITYPE:Enhancement											SOURCELONG:Planar Handbook	SOURCESHORT:plnrhb	SOURCEPAGE:p.71	PREMULT:2,[PRETYPE:1,Masterwork],[PRETYPE:1,Goods]																																	SPROP:Fireproof
Amphibious		KEY:ARMR_AMPHIBIOUS		TYPE:Armor						COST:BASECOST+21000	VISIBLE:QUALIFY	ITYPE:Enhancement											SOURCELONG:Planar Handbook	SOURCESHORT:plnrhb	SOURCEPAGE:p.78	PREMULT:2,[PRETYPE:1,Magic],[PRETYPE:1,Armor]						BONUS:SKILL|Swim|5|TYPE=Competence																							SPROP:Amphibious
Fire Warding	KEY:ARMR_FIRE_WRDG		TYPE:Armor				PLUS:6					VISIBLE:QUALIFY	ITYPE:Enhancement											SOURCELONG:Planar Handbook	SOURCESHORT:plnrhb	SOURCEPAGE:p.78	PREMULT:2,[PRETYPE:1,Magic],[PRETYPE:1,Armor]												BONUS:VAR|ItemEgo|6																			SPROP:Fire Warding												DEFINE:ItemEgo|0
Frost Warding	KEY:ARMR_FROST_WRDG		TYPE:Armor						COST:BASECOST+24000	VISIBLE:QUALIFY	ITYPE:Enhancement											SOURCELONG:Planar Handbook	SOURCESHORT:plnrhb	SOURCEPAGE:p.78	PREMULT:2,[PRETYPE:1,Magic],[PRETYPE:1,Armor]																																		SPROP:Frost Warding
Hamatula Barbs	KEY:ARMR_HAM_BARBS		TYPE:Armor				PLUS:2					VISIBLE:QUALIFY	ITYPE:Enhancement.ArmorAddOn.Barbs.Weapon.Melee.Martial.Peircing.Slashing	SOURCELONG:Planar Handbook	SOURCESHORT:plnrhb	SOURCEPAGE:p.78	PREMULT:2,[PRETYPE:1,Magic],[PRETYPE:1,Armor]												BONUS:VAR|ItemEgo|2																			SPROP:Hamatula Barbs												DEFINE:ItemEgo|0
Planar Tolerance	KEY:ARMR_PLANAR_TOL		TYPE:Armor						COST:BASECOST+25000	VISIBLE:QUALIFY	ITYPE:Enhancement											SOURCELONG:Planar Handbook	SOURCESHORT:plnrhb	SOURCEPAGE:p.78	PREMULT:2,[PRETYPE:1,Magic],[PRETYPE:1,Armor]																																		SPROP:Planar Tolerance
Slimy			KEY:ARMR_SLIMY			TYPE:Armor						COST:BASECOST+16200	VISIBLE:QUALIFY	ITYPE:Enhancement											SOURCELONG:Planar Handbook	SOURCESHORT:plnrhb	SOURCEPAGE:p.78	PREMULT:2,[PRETYPE:1,Magic],[PRETYPE:1,Armor]																																		SPROP:Slimy																	BONUS:SPELL|Babau Slime|3
Styptic		KEY:ARMR_STYPTIC			TYPE:Armor				PLUS:2					VISIBLE:QUALIFY	ITYPE:Enhancement											SOURCELONG:Planar Handbook	SOURCESHORT:plnrhb	SOURCEPAGE:p.78	PREMULT:2,[PRETYPE:1,Magic],[PRETYPE:1,Armor]												BONUS:VAR|ItemEgo|2																			SPROP:Styptic													DEFINE:ItemEgo|0
Amphibious		KEY:SHLD_AMPHIBIOUS		TYPE:Shield						COST:BASECOST+21000	VISIBLE:QUALIFY	ITYPE:Enhancement											SOURCELONG:Planar Handbook	SOURCESHORT:plnrhb	SOURCEPAGE:p.78	PREMULT:2,[PRETYPE:1,Shield],[PRETYPE:1,Magic]						BONUS:SKILL|Swim|5|TYPE=Competence																							SPROP:Amphibious
Frost Warding	KEY:SHLD_FROST_WRDG		TYPE:Shield						COST:BASECOST+24000	VISIBLE:QUALIFY	ITYPE:Enhancement											SOURCELONG:Planar Handbook	SOURCESHORT:plnrhb	SOURCEPAGE:p.78	PREMULT:2,[PRETYPE:1,Shield],[PRETYPE:1,Magic]																																		SPROP:Frost Warding
Planar Tolerance	KEY:SHLD_PLANAR_TOL		TYPE:Shield						COST:BASECOST+25000	VISIBLE:QUALIFY	ITYPE:Enhancement											SOURCELONG:Planar Handbook	SOURCESHORT:plnrhb	SOURCEPAGE:p.78	PREMULT:2,[PRETYPE:1,Shield],[PRETYPE:1,Magic]																																		SPROP:Planar Tolerance
Slimy			KEY:SHLD_SLIMY			TYPE:Shield						COST:BASECOST+16200	VISIBLE:QUALIFY	ITYPE:Enhancement											SOURCELONG:Planar Handbook	SOURCESHORT:plnrhb	SOURCEPAGE:p.78	PREMULT:2,[PRETYPE:1,Shield],[PRETYPE:1,Magic]																																		SPROP:Slimy																	BONUS:SPELL|Babau Slime|3
Styptic		KEY:SHLD_STYPTIC			TYPE:Shield				PLUS:2					VISIBLE:QUALIFY	ITYPE:Enhancement											SOURCELONG:Planar Handbook	SOURCESHORT:plnrhb	SOURCEPAGE:p.78	PREMULT:2,[PRETYPE:1,Shield],[PRETYPE:1,Magic]												BONUS:VAR|ItemEgo|2																			SPROP:Styptic													DEFINE:ItemEgo|0
Aquan			KEY:AMMO_AQUAN			TYPE:Ammunition			PLUS:2					VISIBLE:QUALIFY	ITYPE:Enhancement											SOURCELONG:Planar Handbook	SOURCESHORT:plnrhb	SOURCEPAGE:p.79	PREMULT:2,[PRETYPE:1,Magic],[PRETYPE:1,Ammunition]											BONUS:VAR|ItemEgo|2	BONUS:VAR|ItemEgo|2															SPROP:Aquan			VFEAT:Negative Levels|PRETEMPLATE:1,Fire					DEFINE:ItemEgo|0
Auran			KEY:AMMO_AURAN			TYPE:Ammunition			PLUS:2					VISIBLE:QUALIFY	ITYPE:Enhancement											SOURCELONG:Planar Handbook	SOURCESHORT:plnrhb	SOURCEPAGE:p.79	PREMULT:2,[PRETYPE:1,Magic],[PRETYPE:1,Ammunition]											BONUS:VAR|ItemEgo|2	BONUS:VAR|ItemEgo|2															SPROP:Auran			VFEAT:Negative Levels|PRETEMPLATE:1,Earth					DEFINE:ItemEgo|0
Consumptive		KEY:AMMO_CNSMPTV			TYPE:Ammunition			PLUS:2					VISIBLE:QUALIFY	ITYPE:Enhancement											SOURCELONG:Planar Handbook	SOURCESHORT:plnrhb	SOURCEPAGE:p.79	PREMULT:2,[PRETYPE:1,Magic],[PRETYPE:1,Ammunition]											BONUS:VAR|ItemEgo|2	BONUS:VAR|ItemEgo|2															SPROP:Consumptive													DEFINE:ItemEgo|0
Consumptive Burst	KEY:AMMO_CNSMPTV_BRST		TYPE:Ammunition			PLUS:3					VISIBLE:QUALIFY	ITYPE:Enhancement											SOURCELONG:Planar Handbook	SOURCESHORT:plnrhb	SOURCEPAGE:p.79	PREMULT:2,[PRETYPE:1,Magic],[PRETYPE:1,Ammunition]											BONUS:VAR|ItemEgo|3	BONUS:VAR|ItemEgo|3															SPROP:Consumptive Burst												DEFINE:ItemEgo|0
Ignan			KEY:AMMO_IGNAN			TYPE:Ammunition			PLUS:2					VISIBLE:QUALIFY	ITYPE:Enhancement											SOURCELONG:Planar Handbook	SOURCESHORT:plnrhb	SOURCEPAGE:p.79	PREMULT:2,[PRETYPE:1,Magic],[PRETYPE:1,Ammunition]											BONUS:VAR|ItemEgo|2	BONUS:VAR|ItemEgo|2															SPROP:Ignan			VFEAT:Negative Levels|PRETEMPLATE:1,Water					DEFINE:ItemEgo|0
Impedance		KEY:AMMO_IMPED			TYPE:Ammunition			PLUS:3					VISIBLE:QUALIFY	ITYPE:Enhancement											SOURCELONG:Planar Handbook	SOURCESHORT:plnrhb	SOURCEPAGE:p.79	PREMULT:2,[PRETYPE:1,Magic],[PRETYPE:1,Ammunition]											BONUS:VAR|ItemEgo|3	BONUS:VAR|ItemEgo|3															SPROP:Impedance													DEFINE:ItemEgo|0
Aquan			KEY:ARMR_AQUAN			TYPE:Armor				PLUS:2					VISIBLE:QUALIFY	ITYPE:Enhancement											SOURCELONG:Planar Handbook	SOURCESHORT:plnrhb	SOURCEPAGE:p.79	PREMULT:3,[PRETYPE:1,Magic],[PRETYPE:1,Armor]												BONUS:VAR|ItemEgo|2	BONUS:VAR|ItemEgo|2															SPROP:Aquan			VFEAT:Negative Levels|PRETEMPLATE:1,Fire					DEFINE:ItemEgo|0
Auran			KEY:ARMR_AURAN			TYPE:Armor				PLUS:2					VISIBLE:QUALIFY	ITYPE:Enhancement											SOURCELONG:Planar Handbook	SOURCESHORT:plnrhb	SOURCEPAGE:p.79	PREMULT:3,[PRETYPE:1,Magic],[PRETYPE:1,Armor]												BONUS:VAR|ItemEgo|2	BONUS:VAR|ItemEgo|2															SPROP:Auran			VFEAT:Negative Levels|PRETEMPLATE:1,Earth					DEFINE:ItemEgo|0
Ignan			KEY:ARMR_IGNAN			TYPE:BaseMaterial.Armor		PLUS:2					VISIBLE:QUALIFY	ITYPE:Wood.Ignan											SOURCELONG:Planar Handbook	SOURCESHORT:plnrhb	SOURCEPAGE:p.79										PRETYPE:1,Armor								BONUS:VAR|ItemEgo|2	BONUS:VAR|ItemEgo|2															SPROP:Ignan			VFEAT:Negative Levels|PRETEMPLATE:1,Water					DEFINE:ItemEgo|0
Consumptive		KEY:WEAP_CNSMPTV			TYPE:Weapon				PLUS:2					VISIBLE:QUALIFY	ITYPE:Enhancement											SOURCELONG:Planar Handbook	SOURCESHORT:plnrhb	SOURCEPAGE:p.79	PREMULT:2,[PRETYPE:1,Weapon],[PRETYPE:1,Magic]												BONUS:VAR|ItemEgo|2																			SPROP:Consumptive									ASSIGNTOALL:NO		DEFINE:ItemEgo|0
Consumptive Burst	KEY:WEAP_CNSMPTV_BRST		TYPE:Weapon				PLUS:3					VISIBLE:QUALIFY	ITYPE:Enhancement											SOURCELONG:Planar Handbook	SOURCESHORT:plnrhb	SOURCEPAGE:p.79	PREMULT:2,[PRETYPE:1,Weapon],[PRETYPE:1,Magic]												BONUS:VAR|ItemEgo|3																			SPROP:Consumptive Burst								ASSIGNTOALL:NO		DEFINE:ItemEgo|0
Impedance		KEY:WEAP_IMPED			TYPE:Weapon				PLUS:3					VISIBLE:QUALIFY	ITYPE:Enhancement											SOURCELONG:Planar Handbook	SOURCESHORT:plnrhb	SOURCEPAGE:p.79	PREMULT:2,[PRETYPE:1,Weapon],[PRETYPE:1,Magic]												BONUS:VAR|ItemEgo|3																			SPROP:Impedance									ASSIGNTOALL:NO		DEFINE:ItemEgo|0
Terran		KEY:AMMO_TERRAN			TYPE:BaseMaterial.Ammunition	PLUS:2					VISIBLE:QUALIFY	ITYPE:Metal.Terran										SOURCELONG:Planar Handbook	SOURCESHORT:plnrhb	SOURCEPAGE:p.80										PRETYPE:1,Ammunition							BONUS:VAR|ItemEgo|2																			SPROP:Terran		VFEAT:Negative Levels|PRETEMPLATE:1,Air					DEFINE:ItemEgo|0
Terran		KEY:ARMR_TERRAN			TYPE:BaseMaterial.Armor		PLUS:2					VISIBLE:QUALIFY	ITYPE:Metal.Terran										SOURCELONG:Planar Handbook	SOURCESHORT:plnrhb	SOURCEPAGE:p.80										PRETYPE:1,Armor								BONUS:VAR|ItemEgo|2	BONUS:VAR|ItemEgo|2															SPROP:Terran		VFEAT:Negative Levels|PRETEMPLATE:1,Air					DEFINE:ItemEgo|0
