# CVS $Revision: 1.1 $ $Author: chrisc $ -- Fri May  8 08:59:10 2009 -- reformated by prettylst.pl v1.39 (build 8180)

#Simple
# Equipment Name	Output Name				Required Proficiency				Type													Cost		Weight	Slot Needed	Critical Hit Multiplier	Critical Hit Range	Damage	Modifier											Wield Category	Size		Source, Long Desc.		Source, Short Desc.	Source Page		Special Property
Muspelrule							PROFICIENCY:WEAPON|Muspelrule			TYPE:Weapon.Melee.Simple.Standard.Bludgeoning.Club					COST:2	WT:1				CRITMULT:x2			CRITRANGE:2			DAMAGE:1d4													WIELD:Light		SIZE:M	SOURCELONG:Planar Handbook	SOURCESHORT:plnrhb	SOURCEPAGE:p.68
Sickle (Heavy)	OUTPUTNAME:[NAME] Sickle	PROFICIENCY:WEAPON|Sickle (Heavy)		TYPE:Weapon.Melee.Simple.Standard.Slashing.Sickle					COST:12	WT:6				CRITMULT:x2			CRITRANGE:1			DAMAGE:1d8	EQMOD:WEAP_STEEL										WIELD:OneHanded	SIZE:M	SOURCELONG:Planar Handbook	SOURCESHORT:plnrhb	SOURCEPAGE:p.68
# Martial
Lancet (Gehennan)	OUTPUTNAME:[NAME] Lancet	PROFICIENCY:WEAPON|Lancet (Gehennan)	TYPE:Weapon.Melee.Finesseable.Martial.Standard.Piercing.Dagger			COST:7	WT:3				CRITMULT:x2			CRITRANGE:3			DAMAGE:1d4	EQMOD:WEAP_STEEL										WIELD:Light		SIZE:M	SOURCELONG:Planar Handbook	SOURCESHORT:plnrhb	SOURCEPAGE:p.68
Stabaxe							PROFICIENCY:WEAPON|Stabaxe			TYPE:Weapon.Melee.Finesseable.Martial.Standard.Piercing.Axe				COST:5	WT:1				CRITMULT:x3			CRITRANGE:1			DAMAGE:1d6	EQMOD:WEAP_STEEL										WIELD:Light		SIZE:M	SOURCELONG:Planar Handbook	SOURCESHORT:plnrhb	SOURCEPAGE:p.69
Straightblade						PROFICIENCY:WEAPON|Straightblade		TYPE:Weapon.Melee.Finesseable.Martial.Standard.Slashing.Sword			COST:7	WT:3				CRITMULT:x2			CRITRANGE:2			DAMAGE:1d6	EQMOD:WEAP_STEEL										WIELD:Light		SIZE:M	SOURCELONG:Planar Handbook	SOURCESHORT:plnrhb	SOURCEPAGE:p.69
Ripper							PROFICIENCY:WEAPON|Ripper			TYPE:Weapon.Melee.Standard.Martial.Piercing.Spear					COST:55	WT:9		SLOTS:2	CRITMULT:x2			CRITRANGE:2			DAMAGE:2d6	EQMOD:WEAP_STEEL										WIELD:TwoHanded	SIZE:M	SOURCELONG:Planar Handbook	SOURCESHORT:plnrhb	SOURCEPAGE:p.68
# Exotic
Jovar								PROFICIENCY:WEAPON|Jovar			TYPE:Weapon.Melee.Exotic.Standard.Slashing.Sword					COST:500	WT:13		SLOTS:2	CRITMULT:x2			CRITRANGE:3			DAMAGE:2d6	EQMOD:WEAP_STEEL										WIELD:TwoHanded	SIZE:M	SOURCELONG:Planar Handbook	SOURCESHORT:plnrhb	SOURCEPAGE:p.68
Ramhammer							PROFICIENCY:WEAPON|Ramhammer			TYPE:Weapon.Melee.Exotic.Standard.Bludgeoning.Hammer					COST:100	WT:15		SLOTS:2	CRITMULT:x2			CRITRANGE:1			DAMAGE:1d8	EQMOD:WEAP_STEEL										WIELD:TwoHanded	SIZE:M	SOURCELONG:Planar Handbook	SOURCESHORT:plnrhb	SOURCEPAGE:p.68
#Specific
Afterlife							PROFICIENCY:WEAPON|Greatsword			TYPE:Magic.Weapon.Melee.Martial.Specific.Slashing.Sword				COST:105550	WT:15				CRITMULT:x2			CRITRANGE:2			DAMAGE:2d6	EQMOD:WEAP_STEEL.WEAP_MWORK.WEAP_PLUS_2.WEAP_CNSMPTV_BRST.WEAP_UNHOLY	WIELD:TwoHanded	SIZE:M	SOURCELONG:Planar Handbook	SOURCESHORT:plnrhb	SOURCEPAGE:p.80	SPROP:Once/day wielder can use Death Knell as a standard action when touching the sword tip to the body of a fallen foe.
Conflagarant						PROFICIENCY:WEAPON|Longspear			TYPE:Magic.Weapon.Melee.Simple.Specific.Reach.Piercing.Spear			COST:60305	WT:9				CRITMULT:x3			CRITRANGE:1			DAMAGE:1d8	EQMOD:WEAP_WOOD.WEAP_MWORK.WEAP_PLUS_1.WEAP_FLAMING_BRST			WIELD:TwoHanded	SIZE:M	SOURCELONG:Planar Handbook	SOURCESHORT:plnrhb	SOURCEPAGE:p.80	SPROP:Once/day wielder can use Fireball as a standard action
Lethe's Lash						PROFICIENCY:WEAPON|Whip				TYPE:Magic.Weapon.Melee.Exotic.Specific.Reach.Finesseable.Subdual.Slashing	COST:22301	WT:2				CRITMULT:x2			CRITRANGE:1			DAMAGE:1d3	EQMOD:WEAP_MWORK.WEAP_PLUS_1								WIELD:OneHanded	SIZE:M	SOURCELONG:Planar Handbook	SOURCESHORT:plnrhb	SOURCEPAGE:p.80	SPROP:A spellcaster struck by this whip loses one spell or spell slot from the highest level he can cast (Casters choice) until he next rests.
Quencher							PROFICIENCY:WEAPON|Warhammer			TYPE:Magic.Weapon.Melee.Martial.Specific.Bludgeoning.Hammer				COST:40312	WT:5				CRITMULT:x3			CRITRANGE:1			DAMAGE:1d8	EQMOD:WEAP_STEEL.WEAP_MWORK.WEAP_PLUS_1.WEAP_BANE[Fire Outsiders]		WIELD:OneHanded	SIZE:M	SOURCELONG:Planar Handbook	SOURCESHORT:plnrhb	SOURCEPAGE:p.80	SPROP:Once/day wielder can use Quench as a standard action with a range of touch
