# CVS $Revision: 1.1 $ $Author: chrisc $ -- Fri May  8 08:59:10 2009 -- reformated by prettylst.pl v1.39 (build 8180)
# Modifier Name	Unique Key			Type					Cost		Visible		Type granted		Source, Long Desc.	Source, Short Desc.	Source Page		Required Type		Save checks bonus							Combat bonus				Bonus Equipment Modifiers				Bonus Armor Modifiers											Modify the item cost											Special Property		Apply to both heads
Blue Ice		KEY:AMMO_BLUE_ICE		TYPE:BaseMaterial.Ammunition	COST:0	VISIBLE:QUALIFY	ITYPE:Metal.BlueIce	SOURCELONG:Frostburn	SOURCESHORT:frstbn	SOURCEPAGE:p.80	PRETYPE:1,Ammunition	BONUS:CHECKS|Reflex|-1|!PREFEAT:1,Cold Endurance	BONUS:COMBAT|DAMAGE.Slashing|1	BONUS:EQM|WEIGHTDIV|2|TYPE=Enhancement.REPLACE															BONUS:ITEMCOST|TYPE.Ammunition|(WT*500)								SPROP:Blue Ice
Rimefire Ice	KEY:AMMO_RIMFIRE_ICE	TYPE:BaseMaterial.Ammunition	COST:0	VISIBLE:QUALIFY	ITYPE:Wood.RimefireIce	SOURCELONG:Frostburn	SOURCESHORT:frstbn	SOURCEPAGE:p.80	PRETYPE:1,Ammunition																																						BONUS:ITEMCOST|TYPE.Ammunition|(WT*500)								SPROP:Rimefire Ice
Stygian Ice		KEY:AMMO_STYGIAN_ICE	TYPE:BaseMaterial.Ammunition	COST:0	VISIBLE:QUALIFY	ITYPE:Metal.StygianIce	SOURCELONG:Frostburn	SOURCESHORT:frstbn	SOURCEPAGE:p.80	PRETYPE:1,Ammunition																																																				SPROP:Stygian Ice
Blue Ice		KEY:ARMR_BLUE_ICE		TYPE:BaseMaterial.Armor		COST:0	VISIBLE:QUALIFY	ITYPE:Metal.BlueIce	SOURCELONG:Frostburn	SOURCESHORT:frstbn	SOURCEPAGE:p.80	PRETYPE:1,Armor		BONUS:CHECKS|Reflex|-1|!PREFEAT:1,Cold Endurance							BONUS:EQM|WEIGHTDIV|2|TYPE=Enhancement.REPLACE	BONUS:EQMARMOR|ACCHECK|2|TYPE=Enhancement.REPLACE|	BONUS:EQMARMOR|MAXDEX|1|	BONUS:ITEMCOST|TYPE.Armor.Medium|3000	BONUS:ITEMCOST|TYPE.Armor.Heavy|3000	SPROP:Blue Ice
Rimefire Ice	KEY:ARMR_RIMFIRE_ICE	TYPE:BaseMaterial.Armor		COST:0	VISIBLE:QUALIFY	ITYPE:Wood.RimefireIce	SOURCELONG:Frostburn	SOURCESHORT:frstbn	SOURCEPAGE:p.80	PRETYPE:1,Armor																																																					SPROP:Rimefire Ice
Stygian Ice		KEY:ARMR_STYGIAN_ICE	TYPE:BaseMaterial.Armor		COST:0	VISIBLE:QUALIFY	ITYPE:Metal.StygianIce	SOURCELONG:Frostburn	SOURCESHORT:frstbn	SOURCEPAGE:p.80	PRETYPE:1,Armor																																																					SPROP:Stygian Ice
Blue Ice		KEY:SHLD_BLUE_ICE		TYPE:BaseMaterial.Shield	COST:0	VISIBLE:QUALIFY	ITYPE:Metal.BlueIce	SOURCELONG:Frostburn	SOURCESHORT:frstbn	SOURCEPAGE:p.80	PRETYPE:1,Shield		BONUS:CHECKS|Reflex|-1|!PREFEAT:1,Cold Endurance							BONUS:EQM|WEIGHTDIV|2|TYPE=Enhancement.REPLACE	BONUS:EQMARMOR|ACCHECK|2|TYPE=Enhancement.REPLACE|	BONUS:EQMARMOR|MAXDEX|1|	BONUS:ITEMCOST|TYPE.Shield|750									SPROP:Blue Ice
Rimefire Ice	KEY:SHLD_RIMFIRE_ICE	TYPE:BaseMaterial.Shield	COST:0	VISIBLE:QUALIFY	ITYPE:Wood.RimefireIce	SOURCELONG:Frostburn	SOURCESHORT:frstbn	SOURCEPAGE:p.80	PRETYPE:1,Shield																																																					SPROP:Rimefire Ice
Stygian Ice		KEY:SHLD_STYGIAN_ICE	TYPE:BaseMaterial.Shield	COST:0	VISIBLE:QUALIFY	ITYPE:Metal.StygianIce	SOURCELONG:Frostburn	SOURCESHORT:frstbn	SOURCEPAGE:p.80	PRETYPE:1,Shield																																																					SPROP:Stygian Ice
Blue Ice		KEY:WEAP_BLUE_ICE		TYPE:BaseMaterial.Weapon	COST:0	VISIBLE:QUALIFY	ITYPE:Metal.BlueIce	SOURCELONG:Frostburn	SOURCESHORT:frstbn	SOURCEPAGE:p.80	PRETYPE:1,Weapon		BONUS:CHECKS|Reflex|-1|!PREFEAT:1,Cold Endurance	BONUS:COMBAT|DAMAGE.Slashing|1	BONUS:EQM|WEIGHTDIV|2|TYPE=Enhancement.REPLACE															BONUS:ITEMCOST|TYPE.Weapon|500									SPROP:Blue Ice		ASSIGNTOALL:YES
Rimefire Ice	KEY:WEAP_RIMFIRE_ICE	TYPE:BaseMaterial.Weapon	COST:0	VISIBLE:QUALIFY	ITYPE:Wood.RimefireIce	SOURCELONG:Frostburn	SOURCESHORT:frstbn	SOURCEPAGE:p.80	PRETYPE:1,Weapon																																							BONUS:ITEMCOST|TYPE.Weapon|750									SPROP:Rimefire Ice	ASSIGNTOALL:YES
Stygian Ice		KEY:WEAP_STYGIAN_ICE	TYPE:BaseMaterial.Weapon	COST:0	VISIBLE:QUALIFY	ITYPE:Metal.StygianIce	SOURCELONG:Frostburn	SOURCESHORT:frstbn	SOURCEPAGE:p.80	PRETYPE:1,Weapon																																							BONUS:ITEMCOST|TYPE.Weapon|6000									SPROP:Stygian Ice		ASSIGNTOALL:YES
