# CVS $Revision: 1.2 $ $Author: chrisc $ -- Fri May  8 08:59:10 2009 -- reformated by prettylst.pl v1.39 (build 8180)
#Created by Robert Biskup January 2005

# Template Name			Hit Dice Size	Challenge Rating	Visible	Damage Reduction	Template																															Source, Long Desc.	Source, Short Desc.	Source Page		Special ABility																																																																														Required AL	Required Race			Required Size	Must be Smaller	Maximum Size	Prohibited Template				Combat bonus						Bonus to skill							Stat bonus			Add to vision			Weapon prof. bonus				Add 						Favored Class		Type				Hit Dice										Innate Spells																																				Natural Attacks
Frostfell Ghost														TEMPLATE:Ghost	TEMPLATE:Undead																											SOURCELONG:Frostburn	SOURCESHORT:frstbn	SOURCEPAGE:p.133																																																																																																																																									ADD:FEAT|2|TYPE=FrostfellGhost
Ice Beast				HITDIE:10										TEMPLATE:Construct	TEMPLATE:Cold	TEMPLATE:CHOOSE:Tiny or Smaller Ice Beast|Small Ice Beast|Medium Ice Beast|Large Ice Beast|Huge Ice Beast|Gargantuan Ice Beast|Colossal Ice Beast	SOURCELONG:Frostburn	SOURCESHORT:frstbn	SOURCEPAGE:p.138	SAB:An Ice Beast has no Skills and no feats except those that improve its attack	SAB:Base saves are set to HD/3	SAB:Base Attack bonus set to HD*3/4																																																							PREALIGN:TN															!PRETEMPLATE:1,Undead,Fire,Incorporeal																																		ADD:FEAT|1|TYPE=IceBeastSA						TYPE:Construct		HD:5-9:DR:5/magic	HD:10-19:DR:10/magic	HD:20+:DR:15/magic
Tiny or Smaller Ice Beast							VISIBLE:NO																																				SOURCELONG:Frostburn	SOURCESHORT:frstbn																																																																																																	PRESIZELTEQ:T								BONUS:COMBAT|AC|1|TYPE=NaturalArmor
Small Ice Beast									VISIBLE:NO																																				SOURCELONG:Frostburn	SOURCESHORT:frstbn																																																																																											PRESIZEEQ:S															BONUS:COMBAT|AC|2|TYPE=NaturalArmor																																																																																											NATURALATTACKS:Slam,Weapon.Natural.Melee.Finesseable.Bludgeoning,*1,1d4
Medium Ice Beast									VISIBLE:NO																																				SOURCELONG:Frostburn	SOURCESHORT:frstbn																																																																																											PRESIZEEQ:M															BONUS:COMBAT|AC|4|TYPE=NaturalArmor																																																																																											NATURALATTACKS:Slam,Weapon.Natural.Melee.Finesseable.Bludgeoning,*1,1d6
Large Ice Beast									VISIBLE:NO																																				SOURCELONG:Frostburn	SOURCESHORT:frstbn																																																																																											PRESIZEEQ:L															BONUS:COMBAT|AC|6|TYPE=NaturalArmor																																																																																											NATURALATTACKS:Slam,Weapon.Natural.Melee.Finesseable.Bludgeoning,*1,1d8
Huge Ice Beast									VISIBLE:NO																																				SOURCELONG:Frostburn	SOURCESHORT:frstbn																																																																																											PRESIZEEQ:H															BONUS:COMBAT|AC|8|TYPE=NaturalArmor																																																																																											NATURALATTACKS:Slam,Weapon.Natural.Melee.Finesseable.Bludgeoning,*1,2d6
Gargantuan Ice Beast								VISIBLE:NO																																				SOURCELONG:Frostburn	SOURCESHORT:frstbn																																																																																											PRESIZEEQ:G															BONUS:COMBAT|AC|11|TYPE=NaturalArmor																																																																																										NATURALATTACKS:Slam,Weapon.Natural.Melee.Finesseable.Bludgeoning,*1,3d6
Colossal Ice Beast								VISIBLE:NO																																				SOURCELONG:Frostburn	SOURCESHORT:frstbn																																																																																											PRESIZEEQ:C															BONUS:COMBAT|AC|15|TYPE=NaturalArmor																																																																																										NATURALATTACKS:Slam,Weapon.Natural.Melee.Finesseable.Bludgeoning,*1,4d6
Diminutive or Fine Ice Beast							VISIBLE:NO																																				SOURCELONG:Frostburn	SOURCESHORT:frstbn																																																																																														PRESIZELT:T																																																																																																												NATURALATTACKS:Slam,Weapon.Natural.Melee.Finesseable.Bludgeoning,*1,1
Tiny Ice Beast									VISIBLE:NO																																				SOURCELONG:Frostburn	SOURCESHORT:frstbn																																																																																											PRESIZEEQ:T																																																																																																															NATURALATTACKS:Slam,Weapon.Natural.Melee.Finesseable.Bludgeoning,*1,1d2
Spirit Animal						CR:1																																								SOURCELONG:Frostburn	SOURCESHORT:frstbn	SOURCEPAGE:p.155	SAB:Manifestation (Su)	SAB:Immune to all non-magical attack forms	SAB:50% chance to ignore any damage from a corporeal source (except for force effects or a Ghost Touch weapon)	SAB:Can pass through solid objects at will but not force effects	SAB:Attacks ignore natural armor; armor; and shields; although deflection bonuses and force effects work normally	SAB:Cannot be heard with Listen checks if it does not wish to be	SAB:Strength '-' vs. non-ethereal creatures)	PREALIGN:TN	PRERACE:1,RACETYPE=Animal																	BONUS:COMBAT|AC|(WIS)MAX(1)|TYPE=Deflection	BONUS:SKILL|Hide,Listen,Search,Spot|TYPE=Racial.STACK	BONUS:STAT|WIS,CHA|4						BONUS:WEAPONPROF=TYPE.Melee|TOHIT|DEX											TYPE:Fey


Chosen of Iborighu								VISIBLE:NO																																				SOURCELONG:Frostburn	SOURCESHORT:frstbn				SAB:Gaze of Iborighu (Su) ~ % Damage, Fort. DC %|(CHA+3)MAX1|(CL/2)+10+CHA																																																																																																																																		FAVOREDCLASS:Cleric
Mark of Hleid									VISIBLE:NO																																				SOURCELONG:Frostburn	SOURCESHORT:frstbn																																																																																																																																																		FAVOREDCLASS:Cleric
Primeval Shapechanger								VISIBLE:NO	DR:10/Silver	TEMPLATE:Shapechanger																													SOURCELONG:Frostburn	SOURCESHORT:frstbn				SAB:Natural attacks overcome damage reduction as if they were magic weapons																																																																																																																																						TYPE:Magical Beast
Rimefire Apotheosis								VISIBLE:NO	DR:5/Cold Iron																																	SOURCELONG:Frostburn	SOURCESHORT:frstbn																																																																																																																												BONUS:STAT|CHA|2																								TYPE:Fey
Wintry Apotheosis									VISIBLE:NO				TEMPLATE:Evil																														SOURCELONG:Frostburn	SOURCESHORT:frstbn				SAB:Treat all natural and wielded weapons as evil-aligned																																																																																																																			BONUS:VISION|Darkvision|60																		TYPE:Elemental
Elemental Weird									VISIBLE:NO																																				SOURCELONG:Frostburn	SOURCESHORT:frstbn				SAB:Elemental Pool	SAB:Prescience (Sp)	SAB:Searching Gaze (Su)																																																																																																																																																						SPELLS:Innate|TIMES=ATWILL|CASTERLEVEL=18|Clairaudience/Clairvoyance|Contact Other Plane|Detect Thoughts,18|Discern Location|Find the Path|Foresight|Scrying (Greater),23|Legend Lore|Locate Object|Locate Creature|Vision|Tongues
