# CVS $Revision: 1.1 $ $Author: chrisc $ -- Wed May  6 18:33:48 2009 -- reformated by prettylst.pl v1.39 (build 8180)

# Equipment Name		Required Proficiency					Type																	Cost		Weight	Critical Hit Multiplier	Critical Hit Range	Damage	Modifier									Wield Category	Range		Size		Source, Long Desc.	Source, Short Desc.	Source Page		Special ABility
Etherblade			PROFICIENCY:WEAPON|Etherblade				TYPE:Weapon.Melee.Martial.Reach.Standard.Slashing.Polearm								COST:800	WT:10		CRITMULT:x3			CRITRANGE:1			DAMAGE:1d10	EQMOD:STEEL.SPL_CHRG|CHARGED_ITEM_50	WIELD:TwoHanded			SIZE:M	SOURCELONG:Fiend Folio	SOURCESHORT:fndfol	SOURCEPAGE:p.68
Caryatid Sword		PROFICIENCY:WEAPON|Sword (Bastard)			TYPE:Weapon.Melee.Martial.Exotic.Standard.Slashing.Sword								COST:35	WT:10		CRITMULT:x2			CRITRANGE:2			DAMAGE:1d10	EQMOD:STEEL.MWORKW.PLUS2W				WIELD:TwoHanded			SIZE:M	SOURCELONG:Fiend Folio	SOURCESHORT:fndfol	SOURCEPAGE:p.30	BONUS:WEAPON|WIELDCATEGORY|-1|PREFEAT:1,Exotic Weapon Proficiency(Sword (Bastard))
Shator Guisarme		PROFICIENCY:WEAPON|Guisarme				TYPE:Weapon.Melee.Martial.Reach.Standard.Slashing.Polearm								COST:18	WT:24		CRITMULT:x3			CRITRANGE:1			DAMAGE:2d6	EQMOD:STEEL.MWORKW.PLUS2W				WIELD:TwoHanded			SIZE:L	SOURCELONG:Fiend Folio	SOURCESHORT:fndfol	SOURCEPAGE:p.45
Klurichir Axe		PROFICIENCY:WEAPON|Battleaxe				TYPE:Weapon.Melee.Martial.Standard.Slashing.Axe										COST:40	WT:24		CRITMULT:x3			CRITRANGE:1			DAMAGE:3d6	EQMOD:STEEL.MWORKW.PLUS3W				WIELD:OneHanded			SIZE:H	SOURCELONG:Fiend Folio	SOURCESHORT:fndfol	SOURCEPAGE:p.48
Myrmyxicus Scythe		PROFICIENCY:WEAPON|Scythe				TYPE:Weapon.Melee.Martial.Standard.Piercing.Slashing.Scythe								COST:72	WT:40		CRITMULT:x4			CRITRANGE:1			DAMAGE:3d6	EQMOD:STEEL.MWORKW.PLUS3W.UNHLY_M		WIELD:TwoHanded			SIZE:H	SOURCELONG:Fiend Folio	SOURCESHORT:fndfol	SOURCEPAGE:p.52
Movanic Greatsword	PROFICIENCY:WEAPON|Greatsword				TYPE:Weapon.Melee.Martial.Standard.Slashing.Sword									COST:50	WT:8		CRITMULT:x2			CRITRANGE:2			DAMAGE:2d6	EQMOD:STEEL.MWORKW.PLUS1W.FLM_M		WIELD:TwoHanded			SIZE:M	SOURCELONG:Fiend Folio	SOURCESHORT:fndfol	SOURCEPAGE:p.57
Jackal Lord Scimitar	PROFICIENCY:WEAPON|Scimitar				TYPE:Weapon.Melee.Martial.Standard.Slashing.Sword									COST:15	WT:4		CRITMULT:x2			CRITRANGE:3			DAMAGE:1d6	EQMOD:STEEL.MWORKW.PLUS1W				WIELD:OneHanded			SIZE:M	SOURCELONG:Fiend Folio	SOURCESHORT:fndfol	SOURCEPAGE:p.105
Ribbon Dagger		PROFICIENCY:WEAPON|Ribbon Dagger			TYPE:Weapon.Melee.Finesseable.Ranged.Thrown.Simple.Standard.Piercing.Slashing.Dagger.Exotic.Resin	COST:50	WT:1		CRITMULT:x4			CRITRANGE:2			DAMAGE:1d4	EQMOD:STEEL								WIELD:Light		RANGE:10	SIZE:M	SOURCELONG:Fiend Folio	SOURCESHORT:fndfol	SOURCEPAGE:p.110	SAB:+2 on disarm attacks
Shard Longsword		PROFICIENCY:WEAPON|Shard Longsword			TYPE:Weapon.Melee.Martial.Standard.Slashing.Sword									COST:15	WT:4		CRITMULT:x2			CRITRANGE:2			DAMAGE:1d8	EQMOD:STEEL.MWORKW.PLUS2W.WOUND		WIELD:OneHanded			SIZE:M	SOURCELONG:Fiend Folio	SOURCESHORT:fndfol	SOURCEPAGE:p.128
Shard Dagger		PROFICIENCY:WEAPON|Shard Dagger			TYPE:Weapon.Melee.Finesseable.Ranged.Thrown.Simple.Standard.Piercing.Slashing.Dagger			COST:2	WT:1		CRITMULT:x2			CRITRANGE:2			DAMAGE:1d4	EQMOD:STEEL.MWORKW.PLUS2W.WOUND		WIELD:Light		RANGE:10	SIZE:M	SOURCELONG:Fiend Folio	SOURCESHORT:fndfol	SOURCEPAGE:p.128
Aurumach Halberd		PROFICIENCY:WEAPON|Halberd				TYPE:Weapon.Melee.Martial.Standard.Piercing.Slashing.Polearm							COST:40	WT:48		CRITMULT:x3			CRITRANGE:1			DAMAGE:3d8	EQMOD:STEEL.MWORKW.PLUS3W				WIELD:TwoHanded			SIZE:H	SOURCELONG:Fiend Folio	SOURCESHORT:fndfol	SOURCEPAGE:p.141
Cuprilach Rapier		PROFICIENCY:WEAPON|Rapier				TYPE:Weapon.Melee.Martial.Finesseable.Standard.Piercing.Sword							COST:20	WT:2		CRITMULT:x2			CRITRANGE:3			DAMAGE:1d6	EQMOD:STEEL.MWORKW.PLUS2W				WIELD:OneHanded			SIZE:M	SOURCELONG:Fiend Folio	SOURCESHORT:fndfol	SOURCEPAGE:p.142
Heavy Lance 1		PROFICIENCY:WEAPON|Lance				TYPE:Weapon.Melee.Martial.Reach.Standard.Piercing.Lance								COST:10	WT:10		CRITMULT:x3			CRITRANGE:1			DAMAGE:1d8	EQMOD:WOOD.MWORKW.PLUS1W				WIELD:TwoHanded			SIZE:M	SOURCELONG:Fiend Folio	SOURCESHORT:fndfol	SOURCEPAGE:p.
Battleaxe 1			PROFICIENCY:WEAPON|Battleaxe				TYPE:Weapon.Melee.Martial.Standard.Slashing.Axe										COST:10	WT:6		CRITMULT:x3			CRITRANGE:1			DAMAGE:1d8	EQMOD:STEEL.MWORKW.PLUS1W				WIELD:OneHanded			SIZE:M	SOURCELONG:Fiend Folio	SOURCESHORT:fndfol	SOURCEPAGE:p.
Heavy Mace 1		PROFICIENCY:WEAPON|Mace (Heavy)			TYPE:Weapon.Melee.Simple.Standard.Bludgeoning.Mace									COST:12	WT:8		CRITMULT:x2			CRITRANGE:1			DAMAGE:1d8	EQMOD:STEEL.MWORKW.PLUS1W				WIELD:OneHanded			SIZE:M	SOURCELONG:Fiend Folio	SOURCESHORT:fndfol	SOURCEPAGE:p.
Anathema Falchion		PROFICIENCY:WEAPON|Falchion				TYPE:Weapon.Melee.Martial.Standard.Slashing.Sword									COST:600	WT:64		CRITMULT:x2			CRITRANGE:3			DAMAGE:4d6	EQMOD:STEEL.MWORKW.PLUS1W.WEAP_BLASPHEMOUS	WIELD:TwoHanded			SIZE:G	SOURCELONG:Fiend Folio	SOURCESHORT:fndfol	SOURCEPAGE:p.193


Huge Longspear													PROFICIENCY:WEAPON|Longspear			TYPE:Weapon.Melee.TwoHanded.Simple.Reach.Standard.Piercing.Spear												COST:20	WT:45				CRITMULT:x3			CRITRANGE:1												DAMAGE:3d6					EQMOD:WOOD						WIELD:TwoHanded					REACHMULT:2		SIZE:H
Huge Masterwork Two-Bladed Sword	OUTPUTNAME:Huge Sword, Two-Bladed Masterwork		PROFICIENCY:WEAPON|Sword (Two-Bladed)	TYPE:Weapon.Melee.Exotic.Double.Standard.Slashing.Sword													COST:400	WT:40		SLOTS:2	CRITMULT:x2			CRITRANGE:2			ALTCRITMULT:x2		ALTCRITRANGE:1			DAMAGE:3d6	ALTDAMAGE:3d6		EQMOD:STEEL.MWORKW		ALTEQMOD:STEEL		WIELD:TwoHanded								SIZE:H
Huge Morningstar													PROFICIENCY:WEAPON|Morningstar		TYPE:Weapon.Melee.Simple.Standard.Bludgeoning.Piercing.Mace													COST:32	WT:24				CRITMULT:x2			CRITRANGE:1												DAMAGE:3d6					EQMOD:STEEL						WIELD:OneHanded								SIZE:H

Masterwork Battleaxe								PROFICIENCY:WEAPON|Battleaxe			TYPE:Weapon.Melee.Martial.Standard.Slashing.Axe															COST:10	WT:6				CRITMULT:x3			CRITRANGE:1												DAMAGE:1d8					EQMOD:STEEL.MWORKW						WIELD:OneHanded								SIZE:M
Masterwork Greatsword								PROFICIENCY:WEAPON|Greatsword			TYPE:Weapon.Melee.Martial.Standard.Slashing.Sword														COST:50	WT:8				CRITMULT:x2			CRITRANGE:2												DAMAGE:2d6					EQMOD:STEEL.MWORKW						WIELD:TwoHanded								SIZE:M
Masterwork Handaxe								PROFICIENCY:WEAPON|Handaxe			TYPE:Weapon.Melee.Finesseable.Martial.Standard.Slashing.Axe													COST:6	WT:3				CRITMULT:x3			CRITRANGE:1												DAMAGE:1d6					EQMOD:STEEL.MWORKW						WIELD:Light									SIZE:M
Masterwork Heavy Flail	OUTPUTNAME:Masterwork Flail, [NAME]		PROFICIENCY:WEAPON|Flail (Heavy)		TYPE:Weapon.Melee.Martial.Standard.Bludgeoning.Flail														COST:15	WT:10				CRITMULT:x2			CRITRANGE:2												DAMAGE:1d10					EQMOD:STEEL.MWORKW						WIELD:TwoHanded								SIZE:M
Masterwork Longpear								PROFICIENCY:WEAPON|Longspear			TYPE:Weapon.Melee.TwoHanded.Simple.Reach.Standard.Piercing.Spear												COST:5	WT:9				CRITMULT:x3			CRITRANGE:1												DAMAGE:1d8					EQMOD:WOOD.MWORKW							WIELD:TwoHanded					REACHMULT:2		SIZE:M
Masterwork Longsword								PROFICIENCY:WEAPON|Longsword			TYPE:Weapon.Melee.Martial.Standard.Slashing.Sword														COST:15	WT:4				CRITMULT:x2			CRITRANGE:2												DAMAGE:1d8					EQMOD:STEEL.MWORKW						WIELD:OneHanded								SIZE:M

Mithral Longsword									PROFICIENCY:WEAPON|Longsword			TYPE:Weapon.Melee.Martial.Standard.Slashing.Sword														COST:15	WT:4				CRITMULT:x2			CRITRANGE:2												DAMAGE:1d8					EQMOD:MITHRAL_ITEM						WIELD:OneHanded								SIZE:M
